
Allocating common symbols
Common symbol       size              file

netbufpool          0x4               binaries/net.o
readylist           0x2               binaries/ready.o
rfltab              0x5a0             binaries/rflinit.o
netportseed         0x8               binaries/net.o
sleepq              0x2               binaries/clkinit.o
nnames              0x4               binaries/naminit.o
udptab              0x168             binaries/udp.o
minheap             0x4               binaries/meminit.o
marks               0x50              binaries/mark.o
currpid             0x4               binaries/initialize.o
Lf_data             0x20c             binaries/lfsinit.o
porttab             0x2d0             binaries/ptinit.o
girmask             0x2               binaries/evec.o
ttytab              0x110             binaries/ttyinit.o
proctab             0x15e0            binaries/initialize.o
prcount             0x4               binaries/initialize.o
lfltab              0xf00             binaries/lflinit.o
rdstab              0x8c              binaries/rdsinit.o
ethertab            0x130             binaries/ethinit.o
NetData             0xb0              binaries/net.o
nmarks              0x4               binaries/mark.o
initsp              0x4               binaries/i386.o
Defer               0x8               binaries/resched.o
semtab              0x4b0             binaries/initialize.o
maxheap             0x4               binaries/meminit.o
preempt             0x4               binaries/clkinit.o
buftab              0xf0              binaries/bufinit.o
Rf_data             0x18              binaries/rfsinit.o
mkmutex             0x4               binaries/mark.o
clktime             0x4               binaries/clkinit.o
arpcache            0x140             binaries/arp.o
icmptab             0x230             binaries/icmp.o
nbpools             0x4               binaries/bufinit.o
queuetab            0x980             binaries/queue.o
ptnextid            0x4               binaries/ptinit.o
Ram                 0x19000           binaries/raminit.o
ipoqueue            0x2c              binaries/ip.o
glbsem              0x4               binaries/main.o
memlist             0x8               binaries/initialize.o
nametab             0x19a0            binaries/naminit.o
ptfree              0x4               binaries/ptinit.o

Memory Configuration

Name             Origin             Length             Attributes
*default*        0x0000000000000000 0xffffffffffffffff

Linker script and memory map

                0x0000000000100000                physbase = 0x100000
                0x0000000000100000                . = physbase
                0x0000000000100000                . = ALIGN (0x1000)

.text           0x0000000000100000    0x1b000
                0x0000000000100000                text = ABSOLUTE (.)
 *(.text .text.*)
 .text          0x0000000000100000      0x165 binaries/start.o
                0x0000000000100020                entry
                0x000000000010003d                start
                0x00000000001000a5                inb
                0x00000000001000ad                inw
                0x00000000001000b6                inl
                0x00000000001000be                outb
                0x00000000001000c8                outw
                0x00000000001000d3                outl
                0x00000000001000dd                _rtcin
                0x00000000001000e8                ___udivsi3
                0x00000000001000f3                ___divsi3
                0x00000000001000ff                sbzero
                0x000000000010010f                bcopy
                0x0000000000100123                insw
                0x0000000000100139                outsw
                0x000000000010014f                lidt
                0x0000000000100157                jumptocode
                0x000000000010015e                jumptobootcode
 .text          0x0000000000100165      0x3e3 binaries/ascdate.o
                0x0000000000100165                ascdate
 .text          0x0000000000100548       0x14 binaries/bufinit.o
                0x0000000000100548                bufinit
 .text          0x000000000010055c       0x94 binaries/chprio.o
                0x000000000010055c                chprio
 .text          0x00000000001005f0       0x96 binaries/clkhandler.o
                0x00000000001005f0                clkhandler
 .text          0x0000000000100686       0x7e binaries/clkinit.o
                0x0000000000100686                clkinit
 .text          0x0000000000100704       0x75 binaries/close.o
                0x0000000000100704                close
 .text          0x0000000000100779        0x0 binaries/conf.o
 .text          0x0000000000100779       0x7b binaries/control.o
                0x0000000000100779                control
 .text          0x00000000001007f4      0x2c0 binaries/create.o
                0x00000000001007f4                create
 .text          0x0000000000100ab4      0x359 binaries/evec.o
                0x0000000000100ab4                initevec
                0x0000000000100b0b                set_evec
                0x0000000000100bad                trap
 .text          0x0000000000100e0d       0x19 binaries/exit.o
                0x0000000000100e0d                exit
 .text          0x0000000000100e26       0x8c binaries/freebuf.o
                0x0000000000100e26                freebuf
 .text          0x0000000000100eb2      0x172 binaries/freemem.o
                0x0000000000100eb2                freemem
 .text          0x0000000000101024       0x8a binaries/getbuf.o
                0x0000000000101024                getbuf
 .text          0x00000000001010ae       0x75 binaries/getc.o
                0x00000000001010ae                getc
 .text          0x0000000000101123       0x74 binaries/getdev.o
                0x0000000000101123                getdev
 .text          0x0000000000101197       0xd0 binaries/getitem.o
                0x0000000000101197                getfirst
                0x00000000001011dc                getlast
                0x0000000000101223                getitem
 .text          0x0000000000101267      0x10a binaries/getmem.o
                0x0000000000101267                getmem
 .text          0x0000000000101371        0xa binaries/getpid.o
                0x0000000000101371                getpid
 .text          0x000000000010137b       0x7d binaries/getprio.o
                0x000000000010137b                getprio
 .text          0x00000000001013f8       0xfb binaries/getstk.o
                0x00000000001013f8                getstk
 .text          0x00000000001014f3       0x16 binaries/getticks.o
                0x00000000001014f3                getticks
 .text          0x0000000000101509       0x3a binaries/gettime.o
                0x0000000000101509                gettime
 .text          0x0000000000101543      0x1e4 binaries/getutime.o
                0x0000000000101543                getutime
 .text          0x0000000000101727      0x3c5 binaries/i386.o
                0x0000000000101727                setsegs
                0x0000000000101839                init8259
                0x00000000001018eb                pseg
                0x0000000000101a93                setirmask
 .text          0x0000000000101aec       0x75 binaries/init.o
                0x0000000000101aec                init
 .text          0x0000000000101b61      0x3c8 binaries/initialize.o
                0x0000000000101b61                nulluser
                0x0000000000101ed0                stop
                0x0000000000101efb                delay
 .text          0x0000000000101f29       0xde binaries/insert.o
                0x0000000000101f29                insert
 .text          0x0000000000102007      0x110 binaries/insertd.o
                0x0000000000102007                insertd
 .text          0x0000000000102117        0xa binaries/ioerr.o
                0x0000000000102117                ioerr
 .text          0x0000000000102121        0xa binaries/ionull.o
                0x0000000000102121                ionull
 .text          0x000000000010212b      0x19d binaries/kill.o
                0x000000000010212b                kill
 .text          0x00000000001022c8      0x14e binaries/kprintf.o
                0x00000000001022c8                kputc
                0x000000000010235b                kgetc
                0x00000000001023ec                kprintf
 .text          0x0000000000102416       0xa7 binaries/main.o
                0x0000000000102416                main
 .text          0x00000000001024bd       0xb5 binaries/mark.o
                0x00000000001024bd                markinit
                0x00000000001024e1                mark
 .text          0x0000000000102572       0xcc binaries/meminit.o
                0x0000000000102572                meminit
 .text          0x000000000010263e      0x174 binaries/mkbufpool.o
                0x000000000010263e                mkbufpool
 .text          0x00000000001027b2       0x94 binaries/newqueue.o
                0x00000000001027b2                newqueue
 .text          0x0000000000102846       0x7b binaries/open.o
                0x0000000000102846                open
 .text          0x00000000001028c1       0x20 binaries/panic.o
                0x00000000001028c1                panic
 .text          0x00000000001028e1      0x489 binaries/pci.o
                0x00000000001028e1                pci_init
                0x0000000000102b9e                find_pci_device
                0x0000000000102bec                pci_bios_read_config_byte
                0x0000000000102c2b                pci_bios_read_config_word
                0x0000000000102c6d                pci_bios_read_config_dword
                0x0000000000102cac                pci_bios_write_config_byte
                0x0000000000102ced                pci_bios_write_config_word
                0x0000000000102d2f                pci_bios_write_config_dword
 .text          0x0000000000102d6a       0xf1 binaries/ptclear.o
                0x0000000000102d6a                _ptclear
 .text          0x0000000000102e5b       0x9d binaries/ptcount.o
                0x0000000000102e5b                ptcount
 .text          0x0000000000102ef8      0x116 binaries/ptcreate.o
                0x0000000000102ef8                ptcreate
 .text          0x000000000010300e       0x7f binaries/ptdelete.o
                0x000000000010300e                ptdelete
 .text          0x000000000010308d       0xbf binaries/ptinit.o
                0x000000000010308d                ptinit
 .text          0x000000000010314c      0x11b binaries/ptrecv.o
                0x000000000010314c                ptrecv
 .text          0x0000000000103267       0x77 binaries/ptreset.o
                0x0000000000103267                ptreset
 .text          0x00000000001032de      0x13d binaries/ptsend.o
                0x00000000001032de                ptsend
 .text          0x000000000010341b       0x80 binaries/putc.o
                0x000000000010341b                putc
 .text          0x000000000010349b      0x111 binaries/queue.o
                0x000000000010349b                enqueue
                0x000000000010353f                dequeue
 .text          0x00000000001035ac       0x7b binaries/read.o
                0x00000000001035ac                read
 .text          0x0000000000103627       0x7e binaries/ready.o
                0x0000000000103627                ready
 .text          0x00000000001036a5       0x62 binaries/receive.o
                0x00000000001036a5                receive
 .text          0x0000000000103707       0x5e binaries/recvclr.o
                0x0000000000103707                recvclr
 .text          0x0000000000103765       0xbd binaries/recvtime.o
                0x0000000000103765                recvtime
 .text          0x0000000000103822      0x16c binaries/resched.o
                0x0000000000103822                resched
                0x0000000000103919                resched_cntl
 .text          0x000000000010398e       0xb1 binaries/resume.o
                0x000000000010398e                resume
 .text          0x0000000000103a3f       0x1e binaries/runforever.o
                0x0000000000103a3f                runforever
 .text          0x0000000000103a5d       0x79 binaries/seek.o
                0x0000000000103a5d                seek
 .text          0x0000000000103ad6       0x70 binaries/semcount.o
                0x0000000000103ad6                semcount
 .text          0x0000000000103b46       0xd6 binaries/semcreate.o
                0x0000000000103b46                semcreate
 .text          0x0000000000103c1c       0xcd binaries/semdelete.o
                0x0000000000103c1c                semdelete
 .text          0x0000000000103ce9       0xcb binaries/semreset.o
                0x0000000000103ce9                semreset
 .text          0x0000000000103db4       0xed binaries/send.o
                0x0000000000103db4                send
 .text          0x0000000000103ea1       0xa8 binaries/signal.o
                0x0000000000103ea1                signal
 .text          0x0000000000103f49       0x41 binaries/signaling.o
                0x0000000000103f49                signaling
 .text          0x0000000000103f8a       0xd6 binaries/signaln.o
                0x0000000000103f8a                signaln
 .text          0x0000000000104060       0xed binaries/sleep.o
                0x0000000000104060                sleep
                0x00000000001040ae                sleepms
 .text          0x000000000010414d       0x3b binaries/sleeping.o
                0x000000000010414d                sleeping
 .text          0x0000000000104188      0x192 binaries/stacktrace.o
                0x0000000000104188                stacktrace
 .text          0x000000000010431a       0xe7 binaries/suspend.o
                0x000000000010431a                suspend
 .text          0x0000000000104401       0xe9 binaries/unsleep.o
                0x0000000000104401                unsleep
 .text          0x00000000001044ea       0x19 binaries/userret.o
                0x00000000001044ea                userret
 .text          0x0000000000104503       0xdd binaries/wait.o
                0x0000000000104503                wait
 .text          0x00000000001045e0       0x40 binaries/waiting.o
                0x00000000001045e0                waiting
 .text          0x0000000000104620       0x72 binaries/wakeup.o
                0x0000000000104620                wakeup
 .text          0x0000000000104692       0x7b binaries/write.o
                0x0000000000104692                write
 .text          0x000000000010470d       0x1d binaries/xdone.o
                0x000000000010470d                xdone
 .text          0x000000000010472a       0x28 binaries/yield.o
                0x000000000010472a                yield
 .text          0x0000000000104752       0x11 binaries/abs.o
                0x0000000000104752                abs
 .text          0x0000000000104763       0x8f binaries/atoi.o
                0x0000000000104763                atoi
 .text          0x00000000001047f2       0x8f binaries/atol.o
                0x00000000001047f2                atol
 .text          0x0000000000104881       0x31 binaries/bzero.o
                0x0000000000104881                bzero
 .text          0x00000000001048b2        0x0 binaries/ctype_.o
 .text          0x00000000001048b2      0x8ed binaries/doprnt.o
                0x00000000001048b2                _doprnt
 .text          0x000000000010519f      0x65c binaries/doscan.o
                0x000000000010519f                _doscan
 .text          0x00000000001057fb      0x711 binaries/fdoprnt.o
                0x00000000001057fb                _fdoprnt
 .text          0x0000000000105f0c       0x29 binaries/fgetc.o
                0x0000000000105f0c                fgetc
 .text          0x0000000000105f35       0x75 binaries/fgets.o
                0x0000000000105f35                fgets
 .text          0x0000000000105faa       0x2a binaries/fprintf.o
                0x0000000000105faa                fprintf
 .text          0x0000000000105fd4       0x2c binaries/fputc.o
                0x0000000000105fd4                fputc
 .text          0x0000000000106000       0x43 binaries/fputs.o
                0x0000000000106000                fputs
 .text          0x0000000000106043       0x8a binaries/fscanf.o
                0x0000000000106043                fscanf
 .text          0x00000000001060cd       0x32 binaries/getchar.o
                0x00000000001060cd                getchar
 .text          0x00000000001060ff       0x11 binaries/labs.o
                0x00000000001060ff                labs
 .text          0x0000000000106110        0x0 binaries/memchr.o
 .text          0x0000000000106110       0x51 binaries/memcmp.o
                0x0000000000106110                memcmp
 .text          0x0000000000106161       0x3f binaries/memcpy.o
                0x0000000000106161                memcpy
 .text          0x00000000001061a0       0x30 binaries/memset.o
                0x00000000001061a0                memset
 .text          0x00000000001061d0       0x48 binaries/printf.o
                0x00000000001061d0                printf
 .text          0x0000000000106218       0x35 binaries/putchar.o
                0x0000000000106218                putchar
 .text          0x000000000010624d      0x27e binaries/qsort.o
                0x000000000010624d                qsort
 .text          0x00000000001064cb       0x63 binaries/rand.o
                0x00000000001064cb                rand
                0x00000000001064e3                rand_r
                0x0000000000106521                srand
 .text          0x000000000010652e       0x66 binaries/sprintf.o
                0x000000000010652e                sprintf
 .text          0x0000000000106594       0x70 binaries/sscanf.o
                0x0000000000106594                sscanf
 .text          0x0000000000106604       0x3c binaries/strchr.o
                0x0000000000106604                strchr
 .text          0x0000000000106640       0x45 binaries/strcmp.o
                0x0000000000106640                strcmp
 .text          0x0000000000106685       0x27 binaries/strcpy.o
                0x0000000000106685                strcpy
 .text          0x00000000001066ac       0x26 binaries/strlen.o
                0x00000000001066ac                strlen
 .text          0x00000000001066d2       0x56 binaries/strncat.o
                0x00000000001066d2                strncat
 .text          0x0000000000106728       0x5f binaries/strncmp.o
                0x0000000000106728                strncmp
 .text          0x0000000000106787       0x4f binaries/strncpy.o
                0x0000000000106787                strncpy
 .text          0x00000000001067d6       0x2e binaries/strnlen.o
                0x00000000001067d6                strnlen
 .text          0x0000000000106804       0x45 binaries/strrchr.o
                0x0000000000106804                strrchr
 .text          0x0000000000106849       0x6d binaries/strstr.o
                0x0000000000106849                strstr
 .text          0x00000000001068b6       0xe4 binaries/ttycontrol.o
                0x00000000001068b6                ttycontrol
 .text          0x000000000010699a       0x97 binaries/ttygetc.o
                0x000000000010699a                ttygetc
 .text          0x0000000000106a31      0x6ee binaries/ttyhandle_in.o
                0x0000000000106a31                ttyhandle_in
 .text          0x000000000010711f      0x1ae binaries/ttyhandle_out.o
                0x000000000010711f                ttyhandle_out
 .text          0x00000000001072cd       0xce binaries/ttyhandler.o
                0x00000000001072cd                ttyhandler
 .text          0x000000000010739b      0x22f binaries/ttyinit.o
                0x000000000010739b                ttyinit
 .text          0x00000000001075ca       0x1b binaries/ttykickout.o
                0x00000000001075ca                ttykickout
 .text          0x00000000001075e5       0xb7 binaries/ttyputc.o
                0x00000000001075e5                ttyputc
 .text          0x000000000010769c      0x11b binaries/ttyread.o
                0x000000000010769c                ttyread
 .text          0x00000000001077b7       0x4f binaries/ttywrite.o
                0x00000000001077b7                ttywrite
 .text          0x0000000000107806      0x14b binaries/mount.o
                0x0000000000107806                mount
                0x000000000010791b                namlen
 .text          0x0000000000107951      0x1ea binaries/naminit.o
                0x0000000000107951                naminit
 .text          0x0000000000107b3b      0x211 binaries/nammap.o
                0x0000000000107b3b                nammap
                0x0000000000107bc6                namrepl
                0x0000000000107cfc                namcpy
 .text          0x0000000000107d4c       0x4e binaries/namopen.o
                0x0000000000107d4c                namopen
 .text          0x0000000000107d9a      0xec3 binaries/82545EMInit.o
                0x0000000000107df8                _82545EMInit
                0x0000000000108ac9                _82545EM_read_phy_reg
                0x0000000000108b8f                _82545EM_write_phy_reg
 .text          0x0000000000108c5d      0x241 binaries/ethcontrol.o
                0x0000000000108cbb                ethcontrol
                0x0000000000108e31                ethIrqDisable
                0x0000000000108e66                ethIrqEnable
 .text          0x0000000000108e9e      0x252 binaries/ethhandler.o
                0x000000000010900e                ethhandler
 .text          0x00000000001090f0      0x126 binaries/ethinit.o
                0x00000000001090f0                ethinit
 .text          0x0000000000109216      0x1f4 binaries/ethread.o
                0x0000000000109274                ethread
 .text          0x000000000010940a      0x19f binaries/ethwrite.o
                0x0000000000109468                ethwrite
 .text          0x00000000001095a9       0x9e binaries/rdsbufalloc.o
                0x00000000001095a9                rdsbufalloc
 .text          0x0000000000109647       0xcc binaries/rdsclose.o
                0x0000000000109647                rdsclose
 .text          0x0000000000109713      0x2e8 binaries/rdscomm.o
                0x0000000000109713                rdscomm
 .text          0x00000000001099fb      0x233 binaries/rdscontrol.o
                0x00000000001099fb                rdscontrol
 .text          0x0000000000109c2e      0x1f3 binaries/rdsinit.o
                0x0000000000109c2e                rdsinit
 .text          0x0000000000109e21      0x19b binaries/rdsopen.o
                0x0000000000109e21                rdsopen
 .text          0x0000000000109fbc      0x461 binaries/rdsprocess.o
                0x0000000000109fbc                rdsprocess
 .text          0x000000000010a41d      0x259 binaries/rdsread.o
                0x000000000010a41d                rdsread
 .text          0x000000000010a676      0x1fe binaries/rdswrite.o
                0x000000000010a676                rdswrite
 .text          0x000000000010a874        0xa binaries/ramclose.o
                0x000000000010a874                ramclose
 .text          0x000000000010a87e       0x3e binaries/raminit.o
                0x000000000010a87e                raminit
 .text          0x000000000010a8bc        0xa binaries/ramopen.o
                0x000000000010a8bc                ramopen
 .text          0x000000000010a8c6       0x32 binaries/ramread.o
                0x000000000010a8c6                ramread
 .text          0x000000000010a8f8       0x32 binaries/ramwrite.o
                0x000000000010a8f8                ramwrite
 .text          0x000000000010a92a       0x98 binaries/lfdballoc.o
                0x000000000010a92a                lfdballoc
 .text          0x000000000010a9c2       0x58 binaries/lfdbfree.o
                0x000000000010a9c2                lfdbfree
 .text          0x000000000010aa1a       0xb6 binaries/lfflush.o
                0x000000000010aa1a                lfflush
 .text          0x000000000010aad0       0xd8 binaries/lfgetmode.o
                0x000000000010aad0                lfgetmode
 .text          0x000000000010aba8       0x68 binaries/lfiballoc.o
                0x000000000010aba8                lfiballoc
 .text          0x000000000010ac10       0x3b binaries/lfibclear.o
                0x000000000010ac10                lfibclear
 .text          0x000000000010ac4b       0xad binaries/lfibget.o
                0x000000000010ac4b                lfibget
 .text          0x000000000010acf8       0xdc binaries/lfibput.o
                0x000000000010acf8                lfibput
 .text          0x000000000010add4       0xa2 binaries/lflclose.o
                0x000000000010add4                lflclose
 .text          0x000000000010ae76       0xd0 binaries/lflcontrol.o
                0x000000000010ae76                lflcontrol
 .text          0x000000000010af46       0xf2 binaries/lflgetc.o
                0x000000000010af46                lflgetc
 .text          0x000000000010b038       0xf1 binaries/lflinit.o
                0x000000000010b038                lflinit
 .text          0x000000000010b129      0x122 binaries/lflputc.o
                0x000000000010b129                lflputc
 .text          0x000000000010b24b       0x70 binaries/lflread.o
                0x000000000010b24b                lflread
 .text          0x000000000010b2bb       0xac binaries/lflseek.o
                0x000000000010b2bb                lflseek
 .text          0x000000000010b367       0x55 binaries/lflwrite.o
                0x000000000010b367                lflwrite
 .text          0x000000000010b3bc       0x62 binaries/lfscheck.o
                0x000000000010b3bc                lfscheck
 .text          0x000000000010b41e      0x175 binaries/lfsckfmt.o
                0x000000000010b41e                lfsckfmt
 .text          0x000000000010b593      0x1ad binaries/lfscreate.o
                0x000000000010b593                lfscreate
 .text          0x000000000010b740      0x278 binaries/lfsetup.o
                0x000000000010b740                lfsetup
 .text          0x000000000010b9b8       0x51 binaries/lfsinit.o
                0x000000000010b9b8                lfsinit
 .text          0x000000000010ba09      0x3c0 binaries/lfsopen.o
                0x000000000010ba09                lfsopen
 .text          0x000000000010bdc9      0x15e binaries/lftruncate.o
                0x000000000010bdc9                lftruncate
 .text          0x000000000010bf27       0x71 binaries/rflclose.o
                0x000000000010bf27                rflclose
 .text          0x000000000010bf98       0x32 binaries/rflgetc.o
                0x000000000010bf98                rflgetc
 .text          0x000000000010bfca       0x76 binaries/rflinit.o
                0x000000000010bfca                rflinit
 .text          0x000000000010c040       0x33 binaries/rflputc.o
                0x000000000010c040                rflputc
 .text          0x000000000010c073      0x360 binaries/rflread.o
                0x000000000010c073                rflread
 .text          0x000000000010c3d3       0x74 binaries/rflseek.o
                0x000000000010c3d3                rflseek
 .text          0x000000000010c447      0x34d binaries/rflwrite.o
                0x000000000010c447                rflwrite
 .text          0x000000000010c794      0x1e2 binaries/rfscomm.o
                0x000000000010c794                rfscomm
 .text          0x000000000010c976      0x26d binaries/rfscontrol.o
                0x000000000010c976                rfscontrol
 .text          0x000000000010cbe3       0xd8 binaries/rfsgetmode.o
                0x000000000010cbe3                rfsgetmode
 .text          0x000000000010ccbb       0x86 binaries/rfsinit.o
                0x000000000010ccbb                rfsinit
 .text          0x000000000010cd41      0x111 binaries/rfsndmsg.o
                0x000000000010cd41                rfsndmsg
 .text          0x000000000010ce52      0x2aa binaries/rfsopen.o
                0x000000000010ce52                rfsopen
 .text          0x000000000010d0fc      0x836 binaries/arp.o
                0x000000000010d0fc                arp_init
                0x000000000010d12e                arp_resolve
                0x000000000010d3e2                arp_in
                0x000000000010d69a                arp_alloc
                0x000000000010d75a                arp_ntoh
                0x000000000010d846                arp_hton
 .text          0x000000000010d932      0x8e3 binaries/dhcp.o
                0x000000000010d932                dhcp_get_opt_val
                0x000000000010d98b                dhcp_bld_bootp_msg
                0x000000000010da98                dhcp_bld_disc
                0x000000000010db81                dhcp_bld_req
                0x000000000010dcf3                getlocalip
 .text          0x000000000010e215      0x59f binaries/dns.o
                0x000000000010e215                dnslookup
 .text          0x000000000010e7b4       0xe8 binaries/dot2ip.o
                0x000000000010e7b4                dot2ip
 .text          0x000000000010e89c      0x4c4 binaries/hexdump.o
                0x000000000010e89c                hexdump
                0x000000000010ea43                hexadump
 .text          0x000000000010ed60      0x8af binaries/icmp.o
                0x000000000010ed60                icmp_init
                0x000000000010ed97                icmp_in
                0x000000000010ef6d                icmp_register
                0x000000000010f068                icmp_recv
                0x000000000010f1f4                icmp_send
                0x000000000010f27c                icmp_mkpkt
                0x000000000010f396                icmp_release
                0x000000000010f494                icmp_cksum
                0x000000000010f527                icmp_hton
                0x000000000010f59b                icmp_ntoh
 .text          0x000000000010f60f      0x8a5 binaries/ip.o
                0x000000000010f60f                ip_in
                0x000000000010f793                ip_send
                0x000000000010f8ee                ip_local
                0x000000000010f93a                ip_out
                0x000000000010fa73                ipcksum
                0x000000000010faf9                ip_ntoh
                0x000000000010fbe5                ip_hton
                0x000000000010fcd1                ipout
                0x000000000010fe00                ip_enqueue
 .text          0x000000000010feb4      0x2cd binaries/net.o
                0x000000000010feb4                net_init
                0x000000000010ffdc                netin
                0x0000000000110099                eth_hton
                0x00000000001100c3                eth_ntoh
                0x00000000001100ed                getport
 .text          0x0000000000110181     0x147f binaries/pdump.o
                0x0000000000110181                pdump
                0x0000000000110f3e                pdumph
 .text          0x0000000000111600      0x613 binaries/tftp.o
                0x0000000000111600                tftp_send1
                0x0000000000111778                tftpget
                0x00000000001117aa                tftpget_mb
 .text          0x0000000000111c13      0xb82 binaries/udp.o
                0x0000000000111c13                udp_init
                0x0000000000111c48                udp_in
                0x0000000000111d8a                udp_register
                0x0000000000111ec7                udp_recv
                0x0000000000112063                udp_recvaddr
                0x0000000000112217                udp_send
                0x00000000001123ff                udp_sendto
                0x00000000001125b0                udp_release
                0x00000000001126ab                udp_ntoh
                0x0000000000112720                udp_hton
 .text          0x0000000000112795      0x13b binaries/addargs.o
                0x0000000000112795                addargs
 .text          0x00000000001128d0      0x2c9 binaries/lexan.o
                0x00000000001128d0                lexan
 .text          0x0000000000112b99      0x667 binaries/shell.o
                0x0000000000112b99                shell
 .text          0x0000000000113200       0x69 binaries/xsh_argecho.o
                0x0000000000113200                xsh_argecho
 .text          0x0000000000113269      0x275 binaries/xsh_arp.o
                0x0000000000113269                xsh_arp
 .text          0x00000000001134de      0x275 binaries/xsh_cat.o
                0x00000000001134de                xsh_cat
 .text          0x0000000000113753       0x5f binaries/xsh_clear.o
                0x0000000000113753                xsh_clear
 .text          0x00000000001137b2      0x201 binaries/xsh_create.o
                0x00000000001137b2                xsh_create
 .text          0x00000000001139b3      0x2ff binaries/xsh_date.o
                0x00000000001139b3                xsh_date
 .text          0x0000000000113cb2       0xaf binaries/xsh_devdump.o
                0x0000000000113cb2                xsh_devdump
 .text          0x0000000000113d61       0x72 binaries/xsh_echo.o
                0x0000000000113d61                xsh_echo
 .text          0x0000000000113dd3        0xa binaries/xsh_exit.o
                0x0000000000113dd3                xsh_exit
 .text          0x0000000000113ddd      0x38b binaries/xsh_help.o
                0x0000000000113ddd                xsh_help
 .text          0x0000000000114168      0x24e binaries/xsh_kill.o
                0x0000000000114168                xsh_kill
 .text          0x00000000001143b6      0x54b binaries/xsh_memdump.o
                0x00000000001143b6                xsh_memdump
 .text          0x0000000000114901      0x2b1 binaries/xsh_memstat.o
                0x0000000000114901                xsh_memstat
 .text          0x0000000000114bb2      0x511 binaries/xsh_netinfo.o
                0x0000000000114bb2                xsh_netinfo
 .text          0x00000000001150c3      0x498 binaries/xsh_ping.o
                0x00000000001150c3                xsh_ping
 .text          0x000000000011555b      0x229 binaries/xsh_ps.o
                0x000000000011555b                xsh_ps
 .text          0x0000000000115784      0x247 binaries/xsh_ps_ready.o
                0x0000000000115784                xsh_ps_ready
 .text          0x00000000001159cb       0x9f binaries/xsh_signal.o
                0x00000000001159cb                xsh_signal
 .text          0x0000000000115a6a      0x22a binaries/xsh_sleep.o
                0x0000000000115a6a                xsh_sleep
 .text          0x0000000000115c94      0x27c binaries/xsh_udpdump.o
                0x0000000000115c94                xsh_udpdump
 .text          0x0000000000115f10      0x4cc binaries/xsh_udpecho.o
                0x0000000000115f10                xsh_udpecho
 .text          0x00000000001163dc      0x2b6 binaries/xsh_udpserver.o
                0x00000000001163dc                xsh_udpeserver
 .text          0x0000000000116692      0x1f5 binaries/xsh_uptime.o
                0x0000000000116692                xsh_uptime
 .text          0x0000000000116887        0xe binaries/clkdisp.o
                0x0000000000116887                clkdisp
 .text          0x0000000000116895       0x19 binaries/ctxsw.o
                0x0000000000116895                ctxsw
 .text          0x00000000001168ae      0x368 binaries/intr.o
                0x00000000001168ae                disable
                0x00000000001168b7                restore
                0x00000000001168c5                enable
                0x00000000001168c7                pause
                0x00000000001168ce                halt
                0x00000000001168d1                spurious_irq7
                0x00000000001168d6                spurious_irq15
                0x00000000001168e5                _Xint0
                0x00000000001168f0                _Xint1
                0x00000000001168fb                _Xint2
                0x0000000000116906                _Xint3
                0x0000000000116911                _Xint4
                0x000000000011691c                _Xint5
                0x0000000000116927                _Xint6
                0x0000000000116932                _Xint7
                0x000000000011693d                _Xint8
                0x0000000000116948                _Xint9
                0x0000000000116953                _Xint10
                0x000000000011695e                _Xint11
                0x000000000011696c                _Xint12
                0x000000000011697a                _Xint13
                0x0000000000116988                _Xint14
                0x0000000000116996                _Xint15
                0x00000000001169a4                _Xint16
                0x00000000001169b2                _Xint17
                0x00000000001169c0                _Xint18
                0x00000000001169ce                _Xint19
                0x00000000001169dc                _Xint20
                0x00000000001169ea                _Xint21
                0x00000000001169f8                _Xint22
                0x0000000000116a06                _Xint23
                0x0000000000116a14                _Xint24
                0x0000000000116a22                _Xint25
                0x0000000000116a30                _Xint26
                0x0000000000116a3e                _Xint27
                0x0000000000116a4c                _Xint28
                0x0000000000116a5a                _Xint29
                0x0000000000116a68                _Xint30
                0x0000000000116a76                _Xint31
                0x0000000000116a84                _Xint32
                0x0000000000116a92                _Xint33
                0x0000000000116aa0                _Xint34
                0x0000000000116aae                _Xint35
                0x0000000000116abc                _Xint36
                0x0000000000116aca                _Xint37
                0x0000000000116ad8                _Xint38
                0x0000000000116ae6                _Xint39
                0x0000000000116af4                _Xint40
                0x0000000000116b02                _Xint41
                0x0000000000116b10                _Xint42
                0x0000000000116b1e                _Xint43
                0x0000000000116b2c                _Xint44
                0x0000000000116b3a                _Xint45
                0x0000000000116b48                _Xint46
                0x0000000000116b56                defevec
 .text          0x0000000000116c16        0xf binaries/ttydispatch.o
                0x0000000000116c16                ttydispatch
 .text          0x0000000000116c25       0x13 binaries/ethdispatch.o
                0x0000000000116c25                ethdispatch
 *(.rodata .rodata.*)
 .rodata        0x0000000000116c38       0x8e binaries/ascdate.o
 .rodata        0x0000000000116cc6       0xae binaries/conf.o
 .rodata        0x0000000000116d74      0x22f binaries/evec.o
 *fill*         0x0000000000116fa3        0x1 
 .rodata        0x0000000000116fa4       0x61 binaries/getutime.o
 *fill*         0x0000000000117005        0x3 
 .rodata        0x0000000000117008       0x90 binaries/i386.o
 .rodata        0x0000000000117098      0x180 binaries/initialize.o
 .rodata        0x0000000000117218       0x20 binaries/kill.o
 .rodata        0x0000000000117238       0x2a binaries/main.o
 .rodata        0x0000000000117262        0xf binaries/panic.o
 *fill*         0x0000000000117271        0x3 
 .rodata        0x0000000000117274      0x1ec binaries/pci.o
 .rodata        0x0000000000117460       0x1d binaries/ptinit.o
 *fill*         0x000000000011747d        0x3 
 .rodata        0x0000000000117480       0x25 binaries/ptsend.o
 .rodata        0x00000000001174a5       0x11 binaries/runforever.o
 *fill*         0x00000000001174b6        0x2 
 .rodata        0x00000000001174b8       0x2e binaries/signaling.o
 .rodata        0x00000000001174e6       0x1f binaries/sleeping.o
 *fill*         0x0000000000117505        0x3 
 .rodata        0x0000000000117508       0xb7 binaries/stacktrace.o
 *fill*         0x00000000001175bf        0x1 
 .rodata        0x00000000001175c0       0x46 binaries/waiting.o
 *fill*         0x0000000000117606        0x2 
 .rodata        0x0000000000117608       0x27 binaries/xdone.o
 *fill*         0x000000000011762f       0x11 
 .rodata        0x0000000000117640       0x81 binaries/ctype_.o
                0x0000000000117640                _ctype_
 *fill*         0x00000000001176c1        0x3 
 .rodata        0x00000000001176c4       0xee binaries/doprnt.o
 *fill*         0x00000000001177b2        0x2 
 .rodata        0x00000000001177b4       0x98 binaries/doscan.o
 .rodata        0x000000000011784c       0xae binaries/fdoprnt.o
 *fill*         0x00000000001178fa        0x2 
 .rodata        0x00000000001178fc       0x20 binaries/ttycontrol.o
 .rodata        0x000000000011791c       0x34 binaries/ttyhandler.o
 .rodata        0x0000000000117950       0x80 binaries/naminit.o
 .rodata        0x00000000001179d0       0x2e binaries/82545EMInit.o
 *fill*         0x00000000001179fe        0x2 
 .rodata        0x0000000000117a00       0x78 binaries/ethinit.o
 .rodata        0x0000000000117a78       0x18 binaries/ethread.o
 .rodata        0x0000000000117a90       0x2c binaries/rdsbufalloc.o
 .rodata        0x0000000000117abc       0x76 binaries/rdscomm.o
 *fill*         0x0000000000117b32        0x2 
 .rodata        0x0000000000117b34       0x48 binaries/rdscontrol.o
 .rodata        0x0000000000117b7c       0x96 binaries/rdsinit.o
 *fill*         0x0000000000117c12        0x2 
 .rodata        0x0000000000117c14       0x22 binaries/rdsopen.o
 *fill*         0x0000000000117c36        0x2 
 .rodata        0x0000000000117c38       0x4d binaries/rdsprocess.o
 .rodata        0x0000000000117c85        0x9 binaries/raminit.o
 *fill*         0x0000000000117c8e        0x2 
 .rodata        0x0000000000117c90       0x37 binaries/lfdballoc.o
 .rodata        0x0000000000117cc7       0x14 binaries/lfiballoc.o
 *fill*         0x0000000000117cdb        0x1 
 .rodata        0x0000000000117cdc       0x23 binaries/lflcontrol.o
 *fill*         0x0000000000117cff        0x1 
 .rodata        0x0000000000117d00      0x11b binaries/lfsckfmt.o
 *fill*         0x0000000000117e1b        0x1 
 .rodata        0x0000000000117e1c       0x2a binaries/lfsopen.o
 *fill*         0x0000000000117e46        0x2 
 .rodata        0x0000000000117e48       0x21 binaries/rflread.o
 *fill*         0x0000000000117e69        0x3 
 .rodata        0x0000000000117e6c       0x21 binaries/rflwrite.o
 *fill*         0x0000000000117e8d        0x3 
 .rodata        0x0000000000117e90       0x75 binaries/rfscomm.o
 *fill*         0x0000000000117f05        0x3 
 .rodata        0x0000000000117f08       0x3c binaries/rfscontrol.o
 .rodata        0x0000000000117f44       0x63 binaries/rfsinit.o
 *fill*         0x0000000000117fa7        0x1 
 .rodata        0x0000000000117fa8       0x2a binaries/rfsndmsg.o
 *fill*         0x0000000000117fd2        0x2 
 .rodata        0x0000000000117fd4       0x22 binaries/rfsopen.o
 *fill*         0x0000000000117ff6        0x2 
 .rodata        0x0000000000117ff8       0x3a binaries/arp.o
 *fill*         0x0000000000118032        0x2 
 .rodata        0x0000000000118034       0xcf binaries/dhcp.o
 .rodata        0x0000000000118103       0x1a binaries/dns.o
 *fill*         0x000000000011811d        0x3 
 .rodata        0x0000000000118120       0xc9 binaries/hexdump.o
 *fill*         0x00000000001181e9        0x3 
 .rodata        0x00000000001181ec       0x29 binaries/icmp.o
 *fill*         0x0000000000118215        0x3 
 .rodata        0x0000000000118218       0x6e binaries/ip.o
 *fill*         0x0000000000118286        0x2 
 .rodata        0x0000000000118288       0x4f binaries/net.o
 *fill*         0x00000000001182d7        0x1 
 .rodata        0x00000000001182d8      0x26f binaries/pdump.o
 *fill*         0x0000000000118547        0x1 
 .rodata        0x0000000000118548      0x154 binaries/tftp.o
 *fill*         0x000000000011869c        0x4 
 .rodata        0x00000000001186a0      0x405 binaries/shell.o
                0x0000000000118740                cmdtab
 .rodata        0x0000000000118aa5       0x28 binaries/xsh_argecho.o
 *fill*         0x0000000000118acd        0x3 
 .rodata        0x0000000000118ad0      0x123 binaries/xsh_arp.o
 *fill*         0x0000000000118bf3        0x1 
 .rodata        0x0000000000118bf4       0xc9 binaries/xsh_cat.o
 .rodata        0x0000000000118cbd       0x19 binaries/xsh_clear.o
 .rodata        0x0000000000118cd6       0x8a binaries/xsh_create.o
 .rodata        0x0000000000118d60      0x1c3 binaries/xsh_date.o
 .rodata        0x0000000000118f23       0x5d binaries/xsh_devdump.o
 .rodata        0x0000000000118f80        0x9 binaries/xsh_echo.o
 *fill*         0x0000000000118f89        0x3 
 .rodata        0x0000000000118f8c      0x169 binaries/xsh_help.o
 *fill*         0x00000000001190f5        0x3 
 .rodata        0x00000000001190f8      0x12e binaries/xsh_kill.o
 *fill*         0x0000000000119226        0x2 
 .rodata        0x0000000000119228      0x266 binaries/xsh_memdump.o
 *fill*         0x000000000011948e        0x2 
 .rodata        0x0000000000119490      0x225 binaries/xsh_memstat.o
 *fill*         0x00000000001196b5        0x3 
 .rodata        0x00000000001196b8      0x1b0 binaries/xsh_netinfo.o
 .rodata        0x0000000000119868      0x1a1 binaries/xsh_ping.o
 *fill*         0x0000000000119a09       0x17 
 .rodata        0x0000000000119a20      0x1e0 binaries/xsh_ps.o
 .rodata        0x0000000000119c00      0x1e0 binaries/xsh_ps_ready.o
 .rodata        0x0000000000119de0       0x63 binaries/xsh_signal.o
 *fill*         0x0000000000119e43        0x1 
 .rodata        0x0000000000119e44       0xeb binaries/xsh_sleep.o
 *fill*         0x0000000000119f2f        0x1 
 .rodata        0x0000000000119f30      0x1b8 binaries/xsh_udpdump.o
 .rodata        0x000000000011a0e8      0x215 binaries/xsh_udpecho.o
 *fill*         0x000000000011a2fd        0x3 
 .rodata        0x000000000011a300      0x12b binaries/xsh_udpserver.o
 *fill*         0x000000000011a42b        0x1 
 .rodata        0x000000000011a42c      0x105 binaries/xsh_uptime.o
                0x000000000011a531                etext = ABSOLUTE (.)
                0x000000000011b000                . = ALIGN (0x1000)
 *fill*         0x000000000011a531      0xacf 

.eh_frame       0x000000000011b000     0x2d10
 .eh_frame      0x000000000011b000       0x38 binaries/ascdate.o
 .eh_frame      0x000000000011b038       0x20 binaries/bufinit.o
                                         0x38 (size before relaxing)
 .eh_frame      0x000000000011b058       0x20 binaries/chprio.o
                                         0x38 (size before relaxing)
 .eh_frame      0x000000000011b078       0x20 binaries/clkhandler.o
                                         0x38 (size before relaxing)
 .eh_frame      0x000000000011b098       0x20 binaries/clkinit.o
                                         0x38 (size before relaxing)
 .eh_frame      0x000000000011b0b8       0x20 binaries/close.o
                                         0x38 (size before relaxing)
 .eh_frame      0x000000000011b0d8       0x20 binaries/control.o
                                         0x38 (size before relaxing)
 .eh_frame      0x000000000011b0f8       0x40 binaries/create.o
                                         0x58 (size before relaxing)
 .eh_frame      0x000000000011b138       0x60 binaries/evec.o
                                         0x78 (size before relaxing)
 .eh_frame      0x000000000011b198       0x20 binaries/exit.o
                                         0x38 (size before relaxing)
 .eh_frame      0x000000000011b1b8       0x20 binaries/freebuf.o
                                         0x38 (size before relaxing)
 .eh_frame      0x000000000011b1d8       0x20 binaries/freemem.o
                                         0x38 (size before relaxing)
 .eh_frame      0x000000000011b1f8       0x20 binaries/getbuf.o
                                         0x38 (size before relaxing)
 .eh_frame      0x000000000011b218       0x20 binaries/getc.o
                                         0x38 (size before relaxing)
 .eh_frame      0x000000000011b238       0x20 binaries/getdev.o
                                         0x38 (size before relaxing)
 .eh_frame      0x000000000011b258       0x60 binaries/getitem.o
                                         0x78 (size before relaxing)
 .eh_frame      0x000000000011b2b8       0x20 binaries/getmem.o
                                         0x38 (size before relaxing)
 .eh_frame      0x000000000011b2d8       0x20 binaries/getpid.o
                                         0x38 (size before relaxing)
 .eh_frame      0x000000000011b2f8       0x20 binaries/getprio.o
                                         0x38 (size before relaxing)
 .eh_frame      0x000000000011b318       0x20 binaries/getstk.o
                                         0x38 (size before relaxing)
 .eh_frame      0x000000000011b338       0x20 binaries/getticks.o
                                         0x38 (size before relaxing)
 .eh_frame      0x000000000011b358       0x20 binaries/gettime.o
                                         0x38 (size before relaxing)
 .eh_frame      0x000000000011b378       0x20 binaries/getutime.o
                                         0x38 (size before relaxing)
 .eh_frame      0x000000000011b398       0x8c binaries/i386.o
                                         0xa4 (size before relaxing)
 .eh_frame      0x000000000011b424       0x20 binaries/init.o
                                         0x38 (size before relaxing)
 .eh_frame      0x000000000011b444       0xa0 binaries/initialize.o
                                         0xb8 (size before relaxing)
 .eh_frame      0x000000000011b4e4       0x20 binaries/insert.o
                                         0x38 (size before relaxing)
 .eh_frame      0x000000000011b504       0x20 binaries/insertd.o
                                         0x38 (size before relaxing)
 .eh_frame      0x000000000011b524       0x20 binaries/ioerr.o
                                         0x38 (size before relaxing)
 .eh_frame      0x000000000011b544       0x20 binaries/ionull.o
                                         0x38 (size before relaxing)
 .eh_frame      0x000000000011b564       0x20 binaries/kill.o
                                         0x38 (size before relaxing)
 .eh_frame      0x000000000011b584       0x60 binaries/kprintf.o
                                         0x78 (size before relaxing)
 .eh_frame      0x000000000011b5e4       0x24 binaries/main.o
                                         0x3c (size before relaxing)
 .eh_frame      0x000000000011b608       0x40 binaries/mark.o
                                         0x58 (size before relaxing)
 .eh_frame      0x000000000011b648       0x20 binaries/meminit.o
                                         0x38 (size before relaxing)
 .eh_frame      0x000000000011b668       0x20 binaries/mkbufpool.o
                                         0x38 (size before relaxing)
 .eh_frame      0x000000000011b688       0x20 binaries/newqueue.o
                                         0x38 (size before relaxing)
 .eh_frame      0x000000000011b6a8       0x20 binaries/open.o
                                         0x38 (size before relaxing)
 .eh_frame      0x000000000011b6c8       0x1c binaries/panic.o
                                         0x34 (size before relaxing)
 .eh_frame      0x000000000011b6e4      0x1c8 binaries/pci.o
                                        0x1e0 (size before relaxing)
 .eh_frame      0x000000000011b8ac       0x20 binaries/ptclear.o
                                         0x38 (size before relaxing)
 .eh_frame      0x000000000011b8cc       0x20 binaries/ptcount.o
                                         0x38 (size before relaxing)
 .eh_frame      0x000000000011b8ec       0x20 binaries/ptcreate.o
                                         0x38 (size before relaxing)
 .eh_frame      0x000000000011b90c       0x20 binaries/ptdelete.o
                                         0x38 (size before relaxing)
 .eh_frame      0x000000000011b92c       0x20 binaries/ptinit.o
                                         0x38 (size before relaxing)
 .eh_frame      0x000000000011b94c       0x20 binaries/ptrecv.o
                                         0x38 (size before relaxing)
 .eh_frame      0x000000000011b96c       0x20 binaries/ptreset.o
                                         0x38 (size before relaxing)
 .eh_frame      0x000000000011b98c       0x20 binaries/ptsend.o
                                         0x38 (size before relaxing)
 .eh_frame      0x000000000011b9ac       0x20 binaries/putc.o
                                         0x38 (size before relaxing)
 .eh_frame      0x000000000011b9cc       0x40 binaries/queue.o
                                         0x58 (size before relaxing)
 .eh_frame      0x000000000011ba0c       0x20 binaries/read.o
                                         0x38 (size before relaxing)
 .eh_frame      0x000000000011ba2c       0x24 binaries/ready.o
                                         0x3c (size before relaxing)
 .eh_frame      0x000000000011ba50       0x20 binaries/receive.o
                                         0x38 (size before relaxing)
 .eh_frame      0x000000000011ba70       0x20 binaries/recvclr.o
                                         0x38 (size before relaxing)
 .eh_frame      0x000000000011ba90       0x20 binaries/recvtime.o
                                         0x38 (size before relaxing)
 .eh_frame      0x000000000011bab0       0x40 binaries/resched.o
                                         0x58 (size before relaxing)
 .eh_frame      0x000000000011baf0       0x20 binaries/resume.o
                                         0x38 (size before relaxing)
 .eh_frame      0x000000000011bb10       0x1c binaries/runforever.o
                                         0x34 (size before relaxing)
 .eh_frame      0x000000000011bb2c       0x20 binaries/seek.o
                                         0x38 (size before relaxing)
 .eh_frame      0x000000000011bb4c       0x20 binaries/semcount.o
                                         0x38 (size before relaxing)
 .eh_frame      0x000000000011bb6c       0x40 binaries/semcreate.o
                                         0x58 (size before relaxing)
 .eh_frame      0x000000000011bbac       0x20 binaries/semdelete.o
                                         0x38 (size before relaxing)
 .eh_frame      0x000000000011bbcc       0x20 binaries/semreset.o
                                         0x38 (size before relaxing)
 .eh_frame      0x000000000011bbec       0x20 binaries/send.o
                                         0x38 (size before relaxing)
 .eh_frame      0x000000000011bc0c       0x20 binaries/signal.o
                                         0x38 (size before relaxing)
 .eh_frame      0x000000000011bc2c       0x20 binaries/signaling.o
                                         0x38 (size before relaxing)
 .eh_frame      0x000000000011bc4c       0x20 binaries/signaln.o
                                         0x38 (size before relaxing)
 .eh_frame      0x000000000011bc6c       0x40 binaries/sleep.o
                                         0x58 (size before relaxing)
 .eh_frame      0x000000000011bcac       0x1c binaries/sleeping.o
                                         0x34 (size before relaxing)
 .eh_frame      0x000000000011bcc8       0x20 binaries/stacktrace.o
                                         0x38 (size before relaxing)
 .eh_frame      0x000000000011bce8       0x20 binaries/suspend.o
                                         0x38 (size before relaxing)
 .eh_frame      0x000000000011bd08       0x20 binaries/unsleep.o
                                         0x38 (size before relaxing)
 .eh_frame      0x000000000011bd28       0x20 binaries/userret.o
                                         0x38 (size before relaxing)
 .eh_frame      0x000000000011bd48       0x20 binaries/wait.o
                                         0x38 (size before relaxing)
 .eh_frame      0x000000000011bd68       0x20 binaries/waiting.o
                                         0x38 (size before relaxing)
 .eh_frame      0x000000000011bd88       0x20 binaries/wakeup.o
                                         0x38 (size before relaxing)
 .eh_frame      0x000000000011bda8       0x20 binaries/write.o
                                         0x38 (size before relaxing)
 .eh_frame      0x000000000011bdc8       0x20 binaries/xdone.o
                                         0x38 (size before relaxing)
 .eh_frame      0x000000000011bde8       0x20 binaries/yield.o
                                         0x38 (size before relaxing)
 .eh_frame      0x000000000011be08       0x20 binaries/abs.o
                                         0x38 (size before relaxing)
 .eh_frame      0x000000000011be28       0x20 binaries/atoi.o
                                         0x38 (size before relaxing)
 .eh_frame      0x000000000011be48       0x20 binaries/atol.o
                                         0x38 (size before relaxing)
 .eh_frame      0x000000000011be68       0x20 binaries/bzero.o
                                         0x38 (size before relaxing)
 .eh_frame      0x000000000011be88       0xe0 binaries/doprnt.o
                                         0xf8 (size before relaxing)
 .eh_frame      0x000000000011bf68       0xb0 binaries/doscan.o
                                         0xc8 (size before relaxing)
 .eh_frame      0x000000000011c018       0xc0 binaries/fdoprnt.o
                                         0xd8 (size before relaxing)
 .eh_frame      0x000000000011c0d8       0x20 binaries/fgetc.o
                                         0x38 (size before relaxing)
 .eh_frame      0x000000000011c0f8       0x20 binaries/fgets.o
                                         0x38 (size before relaxing)
 .eh_frame      0x000000000011c118       0x20 binaries/fprintf.o
                                         0x38 (size before relaxing)
 .eh_frame      0x000000000011c138       0x20 binaries/fputc.o
                                         0x38 (size before relaxing)
 .eh_frame      0x000000000011c158       0x20 binaries/fputs.o
                                         0x38 (size before relaxing)
 .eh_frame      0x000000000011c178       0x60 binaries/fscanf.o
                                         0x78 (size before relaxing)
 .eh_frame      0x000000000011c1d8       0x20 binaries/getchar.o
                                         0x38 (size before relaxing)
 .eh_frame      0x000000000011c1f8       0x20 binaries/labs.o
                                         0x38 (size before relaxing)
 .eh_frame      0x000000000011c218       0x20 binaries/memcmp.o
                                         0x38 (size before relaxing)
 .eh_frame      0x000000000011c238       0x24 binaries/memcpy.o
                                         0x3c (size before relaxing)
 .eh_frame      0x000000000011c25c       0x24 binaries/memset.o
                                         0x3c (size before relaxing)
 .eh_frame      0x000000000011c280       0x20 binaries/printf.o
                                         0x38 (size before relaxing)
 .eh_frame      0x000000000011c2a0       0x20 binaries/putchar.o
                                         0x38 (size before relaxing)
 .eh_frame      0x000000000011c2c0       0xa8 binaries/qsort.o
                                         0xc0 (size before relaxing)
 .eh_frame      0x000000000011c368       0x60 binaries/rand.o
                                         0x78 (size before relaxing)
 .eh_frame      0x000000000011c3c8       0x40 binaries/sprintf.o
                                         0x58 (size before relaxing)
 .eh_frame      0x000000000011c408       0x60 binaries/sscanf.o
                                         0x78 (size before relaxing)
 .eh_frame      0x000000000011c468       0x20 binaries/strchr.o
                                         0x38 (size before relaxing)
 .eh_frame      0x000000000011c488       0x20 binaries/strcmp.o
                                         0x38 (size before relaxing)
 .eh_frame      0x000000000011c4a8       0x20 binaries/strcpy.o
                                         0x38 (size before relaxing)
 .eh_frame      0x000000000011c4c8       0x20 binaries/strlen.o
                                         0x38 (size before relaxing)
 .eh_frame      0x000000000011c4e8       0x20 binaries/strncat.o
                                         0x38 (size before relaxing)
 .eh_frame      0x000000000011c508       0x20 binaries/strncmp.o
                                         0x38 (size before relaxing)
 .eh_frame      0x000000000011c528       0x28 binaries/strncpy.o
                                         0x40 (size before relaxing)
 .eh_frame      0x000000000011c550       0x20 binaries/strnlen.o
                                         0x38 (size before relaxing)
 .eh_frame      0x000000000011c570       0x20 binaries/strrchr.o
                                         0x38 (size before relaxing)
 .eh_frame      0x000000000011c590       0x20 binaries/strstr.o
                                         0x38 (size before relaxing)
 .eh_frame      0x000000000011c5b0       0x20 binaries/ttycontrol.o
                                         0x38 (size before relaxing)
 .eh_frame      0x000000000011c5d0       0x20 binaries/ttygetc.o
                                         0x38 (size before relaxing)
 .eh_frame      0x000000000011c5f0       0x80 binaries/ttyhandle_in.o
                                         0x98 (size before relaxing)
 .eh_frame      0x000000000011c670       0x20 binaries/ttyhandle_out.o
                                         0x38 (size before relaxing)
 .eh_frame      0x000000000011c690       0x20 binaries/ttyhandler.o
                                         0x38 (size before relaxing)
 .eh_frame      0x000000000011c6b0       0x20 binaries/ttyinit.o
                                         0x38 (size before relaxing)
 .eh_frame      0x000000000011c6d0       0x20 binaries/ttykickout.o
                                         0x38 (size before relaxing)
 .eh_frame      0x000000000011c6f0       0x20 binaries/ttyputc.o
                                         0x38 (size before relaxing)
 .eh_frame      0x000000000011c710       0x24 binaries/ttyread.o
                                         0x3c (size before relaxing)
 .eh_frame      0x000000000011c734       0x20 binaries/ttywrite.o
                                         0x38 (size before relaxing)
 .eh_frame      0x000000000011c754       0x40 binaries/mount.o
                                         0x58 (size before relaxing)
 .eh_frame      0x000000000011c794       0x20 binaries/naminit.o
                                         0x38 (size before relaxing)
 .eh_frame      0x000000000011c7b4       0x60 binaries/nammap.o
                                         0x78 (size before relaxing)
 .eh_frame      0x000000000011c814       0x20 binaries/namopen.o
                                         0x38 (size before relaxing)
 .eh_frame      0x000000000011c834      0x150 binaries/82545EMInit.o
                                        0x168 (size before relaxing)
 .eh_frame      0x000000000011c984       0xa0 binaries/ethcontrol.o
                                         0xb8 (size before relaxing)
 .eh_frame      0x000000000011ca24       0x80 binaries/ethhandler.o
                                         0x98 (size before relaxing)
 .eh_frame      0x000000000011caa4       0x20 binaries/ethinit.o
                                         0x38 (size before relaxing)
 .eh_frame      0x000000000011cac4       0x60 binaries/ethread.o
                                         0x78 (size before relaxing)
 .eh_frame      0x000000000011cb24       0x60 binaries/ethwrite.o
                                         0x78 (size before relaxing)
 .eh_frame      0x000000000011cb84       0x20 binaries/rdsbufalloc.o
                                         0x38 (size before relaxing)
 .eh_frame      0x000000000011cba4       0x20 binaries/rdsclose.o
                                         0x38 (size before relaxing)
 .eh_frame      0x000000000011cbc4       0x20 binaries/rdscomm.o
                                         0x38 (size before relaxing)
 .eh_frame      0x000000000011cbe4       0x20 binaries/rdscontrol.o
                                         0x38 (size before relaxing)
 .eh_frame      0x000000000011cc04       0x20 binaries/rdsinit.o
                                         0x38 (size before relaxing)
 .eh_frame      0x000000000011cc24       0x20 binaries/rdsopen.o
                                         0x38 (size before relaxing)
 .eh_frame      0x000000000011cc44       0x1c binaries/rdsprocess.o
                                         0x34 (size before relaxing)
 .eh_frame      0x000000000011cc60       0x20 binaries/rdsread.o
                                         0x38 (size before relaxing)
 .eh_frame      0x000000000011cc80       0x20 binaries/rdswrite.o
                                         0x38 (size before relaxing)
 .eh_frame      0x000000000011cca0       0x20 binaries/ramclose.o
                                         0x38 (size before relaxing)
 .eh_frame      0x000000000011ccc0       0x20 binaries/raminit.o
                                         0x38 (size before relaxing)
 .eh_frame      0x000000000011cce0       0x20 binaries/ramopen.o
                                         0x38 (size before relaxing)
 .eh_frame      0x000000000011cd00       0x20 binaries/ramread.o
                                         0x38 (size before relaxing)
 .eh_frame      0x000000000011cd20       0x20 binaries/ramwrite.o
                                         0x38 (size before relaxing)
 .eh_frame      0x000000000011cd40       0x20 binaries/lfdballoc.o
                                         0x38 (size before relaxing)
 .eh_frame      0x000000000011cd60       0x20 binaries/lfdbfree.o
                                         0x38 (size before relaxing)
 .eh_frame      0x000000000011cd80       0x20 binaries/lfflush.o
                                         0x38 (size before relaxing)
 .eh_frame      0x000000000011cda0       0x20 binaries/lfgetmode.o
                                         0x38 (size before relaxing)
 .eh_frame      0x000000000011cdc0       0x20 binaries/lfiballoc.o
                                         0x38 (size before relaxing)
 .eh_frame      0x000000000011cde0       0x20 binaries/lfibclear.o
                                         0x38 (size before relaxing)
 .eh_frame      0x000000000011ce00       0x20 binaries/lfibget.o
                                         0x38 (size before relaxing)
 .eh_frame      0x000000000011ce20       0x20 binaries/lfibput.o
                                         0x38 (size before relaxing)
 .eh_frame      0x000000000011ce40       0x20 binaries/lflclose.o
                                         0x38 (size before relaxing)
 .eh_frame      0x000000000011ce60       0x20 binaries/lflcontrol.o
                                         0x38 (size before relaxing)
 .eh_frame      0x000000000011ce80       0x20 binaries/lflgetc.o
                                         0x38 (size before relaxing)
 .eh_frame      0x000000000011cea0       0x20 binaries/lflinit.o
                                         0x38 (size before relaxing)
 .eh_frame      0x000000000011cec0       0x20 binaries/lflputc.o
                                         0x38 (size before relaxing)
 .eh_frame      0x000000000011cee0       0x20 binaries/lflread.o
                                         0x38 (size before relaxing)
 .eh_frame      0x000000000011cf00       0x20 binaries/lflseek.o
                                         0x38 (size before relaxing)
 .eh_frame      0x000000000011cf20       0x20 binaries/lflwrite.o
                                         0x38 (size before relaxing)
 .eh_frame      0x000000000011cf40       0x20 binaries/lfscheck.o
                                         0x38 (size before relaxing)
 .eh_frame      0x000000000011cf60       0x20 binaries/lfsckfmt.o
                                         0x38 (size before relaxing)
 .eh_frame      0x000000000011cf80       0x20 binaries/lfscreate.o
                                         0x38 (size before relaxing)
 .eh_frame      0x000000000011cfa0       0x20 binaries/lfsetup.o
                                         0x38 (size before relaxing)
 .eh_frame      0x000000000011cfc0       0x20 binaries/lfsinit.o
                                         0x38 (size before relaxing)
 .eh_frame      0x000000000011cfe0       0x20 binaries/lfsopen.o
                                         0x38 (size before relaxing)
 .eh_frame      0x000000000011d000       0x20 binaries/lftruncate.o
                                         0x38 (size before relaxing)
 .eh_frame      0x000000000011d020       0x20 binaries/rflclose.o
                                         0x38 (size before relaxing)
 .eh_frame      0x000000000011d040       0x20 binaries/rflgetc.o
                                         0x38 (size before relaxing)
 .eh_frame      0x000000000011d060       0x20 binaries/rflinit.o
                                         0x38 (size before relaxing)
 .eh_frame      0x000000000011d080       0x20 binaries/rflputc.o
                                         0x38 (size before relaxing)
 .eh_frame      0x000000000011d0a0       0x20 binaries/rflread.o
                                         0x38 (size before relaxing)
 .eh_frame      0x000000000011d0c0       0x20 binaries/rflseek.o
                                         0x38 (size before relaxing)
 .eh_frame      0x000000000011d0e0       0x20 binaries/rflwrite.o
                                         0x38 (size before relaxing)
 .eh_frame      0x000000000011d100       0x20 binaries/rfscomm.o
                                         0x38 (size before relaxing)
 .eh_frame      0x000000000011d120       0x20 binaries/rfscontrol.o
                                         0x38 (size before relaxing)
 .eh_frame      0x000000000011d140       0x20 binaries/rfsgetmode.o
                                         0x38 (size before relaxing)
 .eh_frame      0x000000000011d160       0x20 binaries/rfsinit.o
                                         0x38 (size before relaxing)
 .eh_frame      0x000000000011d180       0x20 binaries/rfsndmsg.o
                                         0x38 (size before relaxing)
 .eh_frame      0x000000000011d1a0       0x20 binaries/rfsopen.o
                                         0x38 (size before relaxing)
 .eh_frame      0x000000000011d1c0       0xc0 binaries/arp.o
                                         0xd8 (size before relaxing)
 .eh_frame      0x000000000011d280       0xa0 binaries/dhcp.o
                                         0xb8 (size before relaxing)
 .eh_frame      0x000000000011d320       0x80 binaries/dns.o
                                         0x98 (size before relaxing)
 .eh_frame      0x000000000011d3a0       0x20 binaries/dot2ip.o
                                         0x38 (size before relaxing)
 .eh_frame      0x000000000011d3c0       0x40 binaries/hexdump.o
                                         0x58 (size before relaxing)
 .eh_frame      0x000000000011d400      0x14c binaries/icmp.o
                                        0x164 (size before relaxing)
 .eh_frame      0x000000000011d54c      0x11c binaries/ip.o
                                        0x134 (size before relaxing)
 .eh_frame      0x000000000011d668       0xa0 binaries/net.o
                                         0xb8 (size before relaxing)
 .eh_frame      0x000000000011d708       0x60 binaries/pdump.o
                                         0x78 (size before relaxing)
 .eh_frame      0x000000000011d768       0x60 binaries/tftp.o
                                         0x78 (size before relaxing)
 .eh_frame      0x000000000011d7c8      0x140 binaries/udp.o
                                        0x158 (size before relaxing)
 .eh_frame      0x000000000011d908       0x20 binaries/addargs.o
                                         0x38 (size before relaxing)
 .eh_frame      0x000000000011d928       0x20 binaries/lexan.o
                                         0x38 (size before relaxing)
 .eh_frame      0x000000000011d948       0x20 binaries/shell.o
                                         0x38 (size before relaxing)
 .eh_frame      0x000000000011d968       0x20 binaries/xsh_argecho.o
                                         0x38 (size before relaxing)
 .eh_frame      0x000000000011d988       0x40 binaries/xsh_arp.o
                                         0x58 (size before relaxing)
 .eh_frame      0x000000000011d9c8       0x20 binaries/xsh_cat.o
                                         0x38 (size before relaxing)
 .eh_frame      0x000000000011d9e8       0x20 binaries/xsh_clear.o
                                         0x38 (size before relaxing)
 .eh_frame      0x000000000011da08       0x20 binaries/xsh_create.o
                                         0x38 (size before relaxing)
 .eh_frame      0x000000000011da28       0x20 binaries/xsh_date.o
                                         0x38 (size before relaxing)
 .eh_frame      0x000000000011da48       0x20 binaries/xsh_devdump.o
                                         0x38 (size before relaxing)
 .eh_frame      0x000000000011da68       0x20 binaries/xsh_echo.o
                                         0x38 (size before relaxing)
 .eh_frame      0x000000000011da88       0x20 binaries/xsh_exit.o
                                         0x38 (size before relaxing)
 .eh_frame      0x000000000011daa8       0x20 binaries/xsh_help.o
                                         0x38 (size before relaxing)
 .eh_frame      0x000000000011dac8       0x20 binaries/xsh_kill.o
                                         0x38 (size before relaxing)
 .eh_frame      0x000000000011dae8       0x40 binaries/xsh_memdump.o
                                         0x58 (size before relaxing)
 .eh_frame      0x000000000011db28       0x60 binaries/xsh_memstat.o
                                         0x78 (size before relaxing)
 .eh_frame      0x000000000011db88       0x30 binaries/xsh_netinfo.o
                                         0x48 (size before relaxing)
 .eh_frame      0x000000000011dbb8       0x24 binaries/xsh_ping.o
                                         0x3c (size before relaxing)
 .eh_frame      0x000000000011dbdc       0x30 binaries/xsh_ps.o
                                         0x48 (size before relaxing)
 .eh_frame      0x000000000011dc0c       0x30 binaries/xsh_ps_ready.o
                                         0x48 (size before relaxing)
 .eh_frame      0x000000000011dc3c       0x20 binaries/xsh_signal.o
                                         0x38 (size before relaxing)
 .eh_frame      0x000000000011dc5c       0x20 binaries/xsh_sleep.o
                                         0x38 (size before relaxing)
 .eh_frame      0x000000000011dc7c       0x20 binaries/xsh_udpdump.o
                                         0x38 (size before relaxing)
 .eh_frame      0x000000000011dc9c       0x30 binaries/xsh_udpecho.o
                                         0x48 (size before relaxing)
 .eh_frame      0x000000000011dccc       0x24 binaries/xsh_udpserver.o
                                         0x3c (size before relaxing)
 .eh_frame      0x000000000011dcf0       0x20 binaries/xsh_uptime.o
                                         0x38 (size before relaxing)

.iplt           0x000000000011dd10        0x0
 .iplt          0x000000000011dd10        0x0 binaries/start.o

.rel.dyn        0x000000000011dd10        0x0
 .rel.got       0x000000000011dd10        0x0 binaries/start.o
 .rel.iplt      0x000000000011dd10        0x0 binaries/start.o
 .rel.text      0x000000000011dd10        0x0 binaries/start.o

.data           0x000000000011dd20     0x12e0
                0x000000000011dd20                data = ABSOLUTE (.)
 *(.data .data.*)
 .data          0x000000000011dd20      0x460 binaries/start.o
                0x000000000011dd20                gdt
                0x000000000011dd60                gdtr
                0x000000000011dd66                idt
                0x000000000011e166                idtr
                0x000000000011e16c                cpudelay
                0x000000000011e170                _bootdev
                0x000000000011e174                _cyloffset
 .data          0x000000000011e180       0x88 binaries/ascdate.o
                0x000000000011e180                Date
 .data          0x000000000011e208        0x0 binaries/bufinit.o
 .data          0x000000000011e208        0x0 binaries/chprio.o
 .data          0x000000000011e208        0x4 binaries/clkhandler.o
 .data          0x000000000011e20c        0x0 binaries/clkinit.o
 .data          0x000000000011e20c        0x0 binaries/close.o
 *fill*         0x000000000011e20c       0x14 
 .data          0x000000000011e220      0x5a0 binaries/conf.o
                0x000000000011e220                devtab
 .data          0x000000000011e7c0        0x0 binaries/control.o
 .data          0x000000000011e7c0        0x4 binaries/create.o
 *fill*         0x000000000011e7c4       0x1c 
 .data          0x000000000011e7e0       0x40 binaries/evec.o
                0x000000000011e7e0                inames
 .data          0x000000000011e820        0x0 binaries/exit.o
 .data          0x000000000011e820        0x0 binaries/freebuf.o
 .data          0x000000000011e820        0x0 binaries/freemem.o
 .data          0x000000000011e820        0x0 binaries/getbuf.o
 .data          0x000000000011e820        0x0 binaries/getc.o
 .data          0x000000000011e820        0x0 binaries/getdev.o
 .data          0x000000000011e820        0x0 binaries/getitem.o
 .data          0x000000000011e820        0x0 binaries/getmem.o
 .data          0x000000000011e820        0x0 binaries/getpid.o
 .data          0x000000000011e820        0x0 binaries/getprio.o
 .data          0x000000000011e820        0x0 binaries/getstk.o
 .data          0x000000000011e820        0x0 binaries/getticks.o
 .data          0x000000000011e820        0x0 binaries/gettime.o
 .data          0x000000000011e820        0x0 binaries/getutime.o
 .data          0x000000000011e820       0x40 binaries/i386.o
                0x000000000011e820                gdt_copy
 .data          0x000000000011e860        0x0 binaries/init.o
 .data          0x000000000011e860        0x0 binaries/initialize.o
 .data          0x000000000011e860        0x0 binaries/insert.o
 .data          0x000000000011e860        0x0 binaries/insertd.o
 .data          0x000000000011e860        0x0 binaries/ioerr.o
 .data          0x000000000011e860        0x0 binaries/ionull.o
[...]
 .comment       0x000000000000001d       0x1e binaries/shell.o
 .comment       0x000000000000001d       0x1e binaries/xsh_argecho.o
 .comment       0x000000000000001d       0x1e binaries/xsh_arp.o
 .comment       0x000000000000001d       0x1e binaries/xsh_cat.o
 .comment       0x000000000000001d       0x1e binaries/xsh_clear.o
 .comment       0x000000000000001d       0x1e binaries/xsh_create.o
 .comment       0x000000000000001d       0x1e binaries/xsh_date.o
 .comment       0x000000000000001d       0x1e binaries/xsh_devdump.o
 .comment       0x000000000000001d       0x1e binaries/xsh_echo.o
 .comment       0x000000000000001d       0x1e binaries/xsh_exit.o
 .comment       0x000000000000001d       0x1e binaries/xsh_help.o
 .comment       0x000000000000001d       0x1e binaries/xsh_kill.o
 .comment       0x000000000000001d       0x1e binaries/xsh_memdump.o
 .comment       0x000000000000001d       0x1e binaries/xsh_memstat.o
 .comment       0x000000000000001d       0x1e binaries/xsh_netinfo.o
 .comment       0x000000000000001d       0x1e binaries/xsh_ping.o
 .comment       0x000000000000001d       0x1e binaries/xsh_ps.o
 .comment       0x000000000000001d       0x1e binaries/xsh_ps_ready.o
 .comment       0x000000000000001d       0x1e binaries/xsh_signal.o
 .comment       0x000000000000001d       0x1e binaries/xsh_sleep.o
 .comment       0x000000000000001d       0x1e binaries/xsh_udpdump.o
 .comment       0x000000000000001d       0x1e binaries/xsh_udpecho.o
 .comment       0x000000000000001d       0x1e binaries/xsh_udpserver.o
 .comment       0x000000000000001d       0x1e binaries/xsh_uptime.o

.note.GNU-stack
                0x0000000000000000        0x0
 .note.GNU-stack
                0x0000000000000000        0x0 binaries/ascdate.o
 .note.GNU-stack
                0x0000000000000000        0x0 binaries/bufinit.o
 .note.GNU-stack
                0x0000000000000000        0x0 binaries/chprio.o
 .note.GNU-stack
                0x0000000000000000        0x0 binaries/clkhandler.o
 .note.GNU-stack
                0x0000000000000000        0x0 binaries/clkinit.o
 .note.GNU-stack
                0x0000000000000000        0x0 binaries/close.o
 .note.GNU-stack
                0x0000000000000000        0x0 binaries/conf.o
 .note.GNU-stack
                0x0000000000000000        0x0 binaries/control.o
 .note.GNU-stack
                0x0000000000000000        0x0 binaries/create.o
 .note.GNU-stack
                0x0000000000000000        0x0 binaries/evec.o
 .note.GNU-stack
                0x0000000000000000        0x0 binaries/exit.o
 .note.GNU-stack
                0x0000000000000000        0x0 binaries/freebuf.o
 .note.GNU-stack
                0x0000000000000000        0x0 binaries/freemem.o
 .note.GNU-stack
                0x0000000000000000        0x0 binaries/getbuf.o
 .note.GNU-stack
                0x0000000000000000        0x0 binaries/getc.o
 .note.GNU-stack
                0x0000000000000000        0x0 binaries/getdev.o
 .note.GNU-stack
                0x0000000000000000        0x0 binaries/getitem.o
 .note.GNU-stack
                0x0000000000000000        0x0 binaries/getmem.o
 .note.GNU-stack
                0x0000000000000000        0x0 binaries/getpid.o
 .note.GNU-stack
                0x0000000000000000        0x0 binaries/getprio.o
 .note.GNU-stack
                0x0000000000000000        0x0 binaries/getstk.o
 .note.GNU-stack
                0x0000000000000000        0x0 binaries/getticks.o
 .note.GNU-stack
                0x0000000000000000        0x0 binaries/gettime.o
 .note.GNU-stack
                0x0000000000000000        0x0 binaries/getutime.o
 .note.GNU-stack
                0x0000000000000000        0x0 binaries/i386.o
 .note.GNU-stack
                0x0000000000000000        0x0 binaries/init.o
 .note.GNU-stack
                0x0000000000000000        0x0 binaries/initialize.o
 .note.GNU-stack
                0x0000000000000000        0x0 binaries/insert.o
 .note.GNU-stack
                0x0000000000000000        0x0 binaries/insertd.o
 .note.GNU-stack
                0x0000000000000000        0x0 binaries/ioerr.o
 .note.GNU-stack
                0x0000000000000000        0x0 binaries/ionull.o
 .note.GNU-stack
                0x0000000000000000        0x0 binaries/kill.o
 .note.GNU-stack
                0x0000000000000000        0x0 binaries/kprintf.o
 .note.GNU-stack
                0x0000000000000000        0x0 binaries/main.o
 .note.GNU-stack
                0x0000000000000000        0x0 binaries/mark.o
 .note.GNU-stack
                0x0000000000000000        0x0 binaries/meminit.o
 .note.GNU-stack
                0x0000000000000000        0x0 binaries/mkbufpool.o
 .note.GNU-stack
                0x0000000000000000        0x0 binaries/newqueue.o
 .note.GNU-stack
                0x0000000000000000        0x0 binaries/open.o
 .note.GNU-stack
                0x0000000000000000        0x0 binaries/panic.o
 .note.GNU-stack
                0x0000000000000000        0x0 binaries/pci.o
 .note.GNU-stack
                0x0000000000000000        0x0 binaries/ptclear.o
 .note.GNU-stack
                0x0000000000000000        0x0 binaries/ptcount.o
 .note.GNU-stack
                0x0000000000000000        0x0 binaries/ptcreate.o
 .note.GNU-stack
                0x0000000000000000        0x0 binaries/ptdelete.o
 .note.GNU-stack
                0x0000000000000000        0x0 binaries/ptinit.o
 .note.GNU-stack
                0x0000000000000000        0x0 binaries/ptrecv.o
 .note.GNU-stack
                0x0000000000000000        0x0 binaries/ptreset.o
 .note.GNU-stack
                0x0000000000000000        0x0 binaries/ptsend.o
 .note.GNU-stack
                0x0000000000000000        0x0 binaries/putc.o
 .note.GNU-stack
                0x0000000000000000        0x0 binaries/queue.o
 .note.GNU-stack
                0x0000000000000000        0x0 binaries/read.o
 .note.GNU-stack
                0x0000000000000000        0x0 binaries/ready.o
 .note.GNU-stack
                0x0000000000000000        0x0 binaries/receive.o
 .note.GNU-stack
                0x0000000000000000        0x0 binaries/recvclr.o
 .note.GNU-stack
                0x0000000000000000        0x0 binaries/recvtime.o
 .note.GNU-stack
                0x0000000000000000        0x0 binaries/resched.o
 .note.GNU-stack
                0x0000000000000000        0x0 binaries/resume.o
 .note.GNU-stack
                0x0000000000000000        0x0 binaries/runforever.o
 .note.GNU-stack
                0x0000000000000000        0x0 binaries/seek.o
 .note.GNU-stack
                0x0000000000000000        0x0 binaries/semcount.o
 .note.GNU-stack
                0x0000000000000000        0x0 binaries/semcreate.o
 .note.GNU-stack
                0x0000000000000000        0x0 binaries/semdelete.o
 .note.GNU-stack
                0x0000000000000000        0x0 binaries/semreset.o
 .note.GNU-stack
                0x0000000000000000        0x0 binaries/send.o
 .note.GNU-stack
                0x0000000000000000        0x0 binaries/signal.o
 .note.GNU-stack
                0x0000000000000000        0x0 binaries/signaling.o
 .note.GNU-stack
                0x0000000000000000        0x0 binaries/signaln.o
 .note.GNU-stack
                0x0000000000000000        0x0 binaries/sleep.o
 .note.GNU-stack
                0x0000000000000000        0x0 binaries/sleeping.o
 .note.GNU-stack
                0x0000000000000000        0x0 binaries/stacktrace.o
 .note.GNU-stack
                0x0000000000000000        0x0 binaries/suspend.o
 .note.GNU-stack
                0x0000000000000000        0x0 binaries/unsleep.o
 .note.GNU-stack
                0x0000000000000000        0x0 binaries/userret.o
 .note.GNU-stack
                0x0000000000000000        0x0 binaries/wait.o
 .note.GNU-stack
                0x0000000000000000        0x0 binaries/waiting.o
 .note.GNU-stack
                0x0000000000000000        0x0 binaries/wakeup.o
 .note.GNU-stack
                0x0000000000000000        0x0 binaries/write.o
 .note.GNU-stack
                0x0000000000000000        0x0 binaries/xdone.o
 .note.GNU-stack
                0x0000000000000000        0x0 binaries/yield.o
 .note.GNU-stack
                0x0000000000000000        0x0 binaries/abs.o
 .note.GNU-stack
                0x0000000000000000        0x0 binaries/atoi.o
 .note.GNU-stack
                0x0000000000000000        0x0 binaries/atol.o
 .note.GNU-stack
                0x0000000000000000        0x0 binaries/bzero.o
 .note.GNU-stack
                0x0000000000000000        0x0 binaries/ctype_.o
 .note.GNU-stack
                0x0000000000000000        0x0 binaries/doprnt.o
 .note.GNU-stack
                0x0000000000000000        0x0 binaries/doscan.o
 .note.GNU-stack
                0x0000000000000000        0x0 binaries/fdoprnt.o
 .note.GNU-stack
                0x0000000000000000        0x0 binaries/fgetc.o
 .note.GNU-stack
                0x0000000000000000        0x0 binaries/fgets.o
 .note.GNU-stack
                0x0000000000000000        0x0 binaries/fprintf.o
 .note.GNU-stack
                0x0000000000000000        0x0 binaries/fputc.o
 .note.GNU-stack
                0x0000000000000000        0x0 binaries/fputs.o
 .note.GNU-stack
                0x0000000000000000        0x0 binaries/fscanf.o
 .note.GNU-stack
                0x0000000000000000        0x0 binaries/getchar.o
 .note.GNU-stack
                0x0000000000000000        0x0 binaries/labs.o
 .note.GNU-stack
                0x0000000000000000        0x0 binaries/memchr.o
 .note.GNU-stack
                0x0000000000000000        0x0 binaries/memcmp.o
 .note.GNU-stack
                0x0000000000000000        0x0 binaries/memcpy.o
 .note.GNU-stack
                0x0000000000000000        0x0 binaries/memset.o
 .note.GNU-stack
                0x0000000000000000        0x0 binaries/printf.o
 .note.GNU-stack
                0x0000000000000000        0x0 binaries/putchar.o
 .note.GNU-stack
                0x0000000000000000        0x0 binaries/qsort.o
 .note.GNU-stack
                0x0000000000000000        0x0 binaries/rand.o
 .note.GNU-stack
                0x0000000000000000        0x0 binaries/sprintf.o
 .note.GNU-stack
                0x0000000000000000        0x0 binaries/sscanf.o
 .note.GNU-stack
                0x0000000000000000        0x0 binaries/strchr.o
 .note.GNU-stack
                0x0000000000000000        0x0 binaries/strcmp.o
 .note.GNU-stack
                0x0000000000000000        0x0 binaries/strcpy.o
 .note.GNU-stack
                0x0000000000000000        0x0 binaries/strlen.o
 .note.GNU-stack
                0x0000000000000000        0x0 binaries/strncat.o
 .note.GNU-stack
                0x0000000000000000        0x0 binaries/strncmp.o
 .note.GNU-stack
                0x0000000000000000        0x0 binaries/strncpy.o
 .note.GNU-stack
                0x0000000000000000        0x0 binaries/strnlen.o
 .note.GNU-stack
                0x0000000000000000        0x0 binaries/strrchr.o
 .note.GNU-stack
                0x0000000000000000        0x0 binaries/strstr.o
 .note.GNU-stack
                0x0000000000000000        0x0 binaries/ttycontrol.o
 .note.GNU-stack
                0x0000000000000000        0x0 binaries/ttygetc.o
 .note.GNU-stack
                0x0000000000000000        0x0 binaries/ttyhandle_in.o
 .note.GNU-stack
                0x0000000000000000        0x0 binaries/ttyhandle_out.o
 .note.GNU-stack
                0x0000000000000000        0x0 binaries/ttyhandler.o
 .note.GNU-stack
                0x0000000000000000        0x0 binaries/ttyinit.o
 .note.GNU-stack
                0x0000000000000000        0x0 binaries/ttykickout.o
 .note.GNU-stack
                0x0000000000000000        0x0 binaries/ttyputc.o
 .note.GNU-stack
                0x0000000000000000        0x0 binaries/ttyread.o
 .note.GNU-stack
                0x0000000000000000        0x0 binaries/ttywrite.o
 .note.GNU-stack
                0x0000000000000000        0x0 binaries/mount.o
 .note.GNU-stack
                0x0000000000000000        0x0 binaries/naminit.o
 .note.GNU-stack
                0x0000000000000000        0x0 binaries/nammap.o
 .note.GNU-stack
                0x0000000000000000        0x0 binaries/namopen.o
 .note.GNU-stack
                0x0000000000000000        0x0 binaries/82545EMInit.o
 .note.GNU-stack
                0x0000000000000000        0x0 binaries/ethcontrol.o
 .note.GNU-stack
                0x0000000000000000        0x0 binaries/ethhandler.o
 .note.GNU-stack
                0x0000000000000000        0x0 binaries/ethinit.o
 .note.GNU-stack
                0x0000000000000000        0x0 binaries/ethread.o
 .note.GNU-stack
                0x0000000000000000        0x0 binaries/ethwrite.o
 .note.GNU-stack
                0x0000000000000000        0x0 binaries/rdsbufalloc.o
 .note.GNU-stack
                0x0000000000000000        0x0 binaries/rdsclose.o
 .note.GNU-stack
                0x0000000000000000        0x0 binaries/rdscomm.o
 .note.GNU-stack
                0x0000000000000000        0x0 binaries/rdscontrol.o
 .note.GNU-stack
                0x0000000000000000        0x0 binaries/rdsinit.o
 .note.GNU-stack
                0x0000000000000000        0x0 binaries/rdsopen.o
 .note.GNU-stack
                0x0000000000000000        0x0 binaries/rdsprocess.o
 .note.GNU-stack
                0x0000000000000000        0x0 binaries/rdsread.o
 .note.GNU-stack
                0x0000000000000000        0x0 binaries/rdswrite.o
 .note.GNU-stack
                0x0000000000000000        0x0 binaries/ramclose.o
 .note.GNU-stack
                0x0000000000000000        0x0 binaries/raminit.o
 .note.GNU-stack
                0x0000000000000000        0x0 binaries/ramopen.o
 .note.GNU-stack
                0x0000000000000000        0x0 binaries/ramread.o
 .note.GNU-stack
                0x0000000000000000        0x0 binaries/ramwrite.o
 .note.GNU-stack
                0x0000000000000000        0x0 binaries/lfdballoc.o
 .note.GNU-stack
                0x0000000000000000        0x0 binaries/lfdbfree.o
 .note.GNU-stack
                0x0000000000000000        0x0 binaries/lfflush.o
 .note.GNU-stack
                0x0000000000000000        0x0 binaries/lfgetmode.o
 .note.GNU-stack
                0x0000000000000000        0x0 binaries/lfiballoc.o
 .note.GNU-stack
                0x0000000000000000        0x0 binaries/lfibclear.o
 .note.GNU-stack
                0x0000000000000000        0x0 binaries/lfibget.o
 .note.GNU-stack
                0x0000000000000000        0x0 binaries/lfibput.o
 .note.GNU-stack
                0x0000000000000000        0x0 binaries/lflclose.o
 .note.GNU-stack
                0x0000000000000000        0x0 binaries/lflcontrol.o
 .note.GNU-stack
                0x0000000000000000        0x0 binaries/lflgetc.o
 .note.GNU-stack
                0x0000000000000000        0x0 binaries/lflinit.o
 .note.GNU-stack
                0x0000000000000000        0x0 binaries/lflputc.o
 .note.GNU-stack
                0x0000000000000000        0x0 binaries/lflread.o
 .note.GNU-stack
                0x0000000000000000        0x0 binaries/lflseek.o
 .note.GNU-stack
                0x0000000000000000        0x0 binaries/lflwrite.o
 .note.GNU-stack
                0x0000000000000000        0x0 binaries/lfscheck.o
 .note.GNU-stack
                0x0000000000000000        0x0 binaries/lfsckfmt.o
 .note.GNU-stack
                0x0000000000000000        0x0 binaries/lfscreate.o
 .note.GNU-stack
                0x0000000000000000        0x0 binaries/lfsetup.o
 .note.GNU-stack
                0x0000000000000000        0x0 binaries/lfsinit.o
 .note.GNU-stack
                0x0000000000000000        0x0 binaries/lfsopen.o
 .note.GNU-stack
                0x0000000000000000        0x0 binaries/lftruncate.o
 .note.GNU-stack
                0x0000000000000000        0x0 binaries/rflclose.o
 .note.GNU-stack
                0x0000000000000000        0x0 binaries/rflgetc.o
 .note.GNU-stack
                0x0000000000000000        0x0 binaries/rflinit.o
 .note.GNU-stack
                0x0000000000000000        0x0 binaries/rflputc.o
 .note.GNU-stack
                0x0000000000000000        0x0 binaries/rflread.o
 .note.GNU-stack
                0x0000000000000000        0x0 binaries/rflseek.o
 .note.GNU-stack
                0x0000000000000000        0x0 binaries/rflwrite.o
 .note.GNU-stack
                0x0000000000000000        0x0 binaries/rfscomm.o
 .note.GNU-stack
                0x0000000000000000        0x0 binaries/rfscontrol.o
 .note.GNU-stack
                0x0000000000000000        0x0 binaries/rfsgetmode.o
 .note.GNU-stack
                0x0000000000000000        0x0 binaries/rfsinit.o
 .note.GNU-stack
                0x0000000000000000        0x0 binaries/rfsndmsg.o
 .note.GNU-stack
                0x0000000000000000        0x0 binaries/rfsopen.o
 .note.GNU-stack
                0x0000000000000000        0x0 binaries/arp.o
 .note.GNU-stack
                0x0000000000000000        0x0 binaries/dhcp.o
 .note.GNU-stack
                0x0000000000000000        0x0 binaries/dns.o
 .note.GNU-stack
                0x0000000000000000        0x0 binaries/dot2ip.o
 .note.GNU-stack
                0x0000000000000000        0x0 binaries/hexdump.o
 .note.GNU-stack
                0x0000000000000000        0x0 binaries/icmp.o
 .note.GNU-stack
                0x0000000000000000        0x0 binaries/ip.o
 .note.GNU-stack
                0x0000000000000000        0x0 binaries/net.o
 .note.GNU-stack
                0x0000000000000000        0x0 binaries/pdump.o
 .note.GNU-stack
                0x0000000000000000        0x0 binaries/tftp.o
 .note.GNU-stack
                0x0000000000000000        0x0 binaries/udp.o
 .note.GNU-stack
                0x0000000000000000        0x0 binaries/addargs.o
 .note.GNU-stack
                0x0000000000000000        0x0 binaries/lexan.o
 .note.GNU-stack
                0x0000000000000000        0x0 binaries/shell.o
 .note.GNU-stack
                0x0000000000000000        0x0 binaries/xsh_argecho.o
 .note.GNU-stack
                0x0000000000000000        0x0 binaries/xsh_arp.o
 .note.GNU-stack
                0x0000000000000000        0x0 binaries/xsh_cat.o
 .note.GNU-stack
                0x0000000000000000        0x0 binaries/xsh_clear.o
 .note.GNU-stack
                0x0000000000000000        0x0 binaries/xsh_create.o
 .note.GNU-stack
                0x0000000000000000        0x0 binaries/xsh_date.o
 .note.GNU-stack
                0x0000000000000000        0x0 binaries/xsh_devdump.o
 .note.GNU-stack
                0x0000000000000000        0x0 binaries/xsh_echo.o
 .note.GNU-stack
                0x0000000000000000        0x0 binaries/xsh_exit.o
 .note.GNU-stack
                0x0000000000000000        0x0 binaries/xsh_help.o
 .note.GNU-stack
                0x0000000000000000        0x0 binaries/xsh_kill.o
 .note.GNU-stack
                0x0000000000000000        0x0 binaries/xsh_memdump.o
 .note.GNU-stack
                0x0000000000000000        0x0 binaries/xsh_memstat.o
 .note.GNU-stack
                0x0000000000000000        0x0 binaries/xsh_netinfo.o
 .note.GNU-stack
                0x0000000000000000        0x0 binaries/xsh_ping.o
 .note.GNU-stack
                0x0000000000000000        0x0 binaries/xsh_ps.o
 .note.GNU-stack
                0x0000000000000000        0x0 binaries/xsh_ps_ready.o
 .note.GNU-stack
                0x0000000000000000        0x0 binaries/xsh_signal.o
 .note.GNU-stack
                0x0000000000000000        0x0 binaries/xsh_sleep.o
 .note.GNU-stack
                0x0000000000000000        0x0 binaries/xsh_udpdump.o
 .note.GNU-stack
                0x0000000000000000        0x0 binaries/xsh_udpecho.o
 .note.GNU-stack
                0x0000000000000000        0x0 binaries/xsh_udpserver.o
 .note.GNU-stack
                0x0000000000000000        0x0 binaries/xsh_uptime.o
