
Allocating common symbols
Common symbol       size              file

netbufpool          0x4               binaries/net.o
readylist           0x2               binaries/ready.o
rfltab              0x5a0             binaries/rflinit.o
netportseed         0x8               binaries/net.o
sleepq              0x2               binaries/clkinit.o
nnames              0x4               binaries/naminit.o
udptab              0x168             binaries/udp.o
minheap             0x4               binaries/meminit.o
marks               0x50              binaries/mark.o
currpid             0x4               binaries/initialize.o
Lf_data             0x20c             binaries/lfsinit.o
porttab             0x2d0             binaries/ptinit.o
girmask             0x2               binaries/evec.o
ttytab              0x110             binaries/ttyinit.o
proctab             0x15e0            binaries/initialize.o
prcount             0x4               binaries/initialize.o
lfltab              0xf00             binaries/lflinit.o
rdstab              0x8c              binaries/rdsinit.o
ethertab            0x130             binaries/ethinit.o
NetData             0xb0              binaries/net.o
nmarks              0x4               binaries/mark.o
initsp              0x4               binaries/i386.o
Defer               0x8               binaries/resched.o
semtab              0x4b0             binaries/initialize.o
maxheap             0x4               binaries/meminit.o
preempt             0x4               binaries/clkinit.o
buftab              0xf0              binaries/bufinit.o
Rf_data             0x18              binaries/rfsinit.o
mkmutex             0x4               binaries/mark.o
clktime             0x4               binaries/clkinit.o
arpcache            0x140             binaries/arp.o
icmptab             0x230             binaries/icmp.o
nbpools             0x4               binaries/bufinit.o
queuetab            0x980             binaries/queue.o
ptnextid            0x4               binaries/ptinit.o
Ram                 0x19000           binaries/raminit.o
ipoqueue            0x2c              binaries/ip.o
memlist             0x8               binaries/initialize.o
nametab             0x19a0            binaries/naminit.o
ptfree              0x4               binaries/ptinit.o

Memory Configuration

Name             Origin             Length             Attributes
*default*        0x0000000000000000 0xffffffffffffffff

Linker script and memory map

                0x0000000000100000                physbase = 0x100000
                0x0000000000100000                . = physbase
                0x0000000000100000                . = ALIGN (0x1000)

.text           0x0000000000100000    0x1a000
                0x0000000000100000                text = ABSOLUTE (.)
 *(.text .text.*)
 .text          0x0000000000100000      0x165 binaries/start.o
                0x0000000000100020                entry
                0x000000000010003d                start
                0x00000000001000a5                inb
                0x00000000001000ad                inw
                0x00000000001000b6                inl
                0x00000000001000be                outb
                0x00000000001000c8                outw
                0x00000000001000d3                outl
                0x00000000001000dd                _rtcin
                0x00000000001000e8                ___udivsi3
                0x00000000001000f3                ___divsi3
                0x00000000001000ff                sbzero
                0x000000000010010f                bcopy
                0x0000000000100123                insw
                0x0000000000100139                outsw
                0x000000000010014f                lidt
                0x0000000000100157                jumptocode
                0x000000000010015e                jumptobootcode
 .text          0x0000000000100165      0x3e3 binaries/ascdate.o
                0x0000000000100165                ascdate
 .text          0x0000000000100548       0x14 binaries/bufinit.o
                0x0000000000100548                bufinit
 .text          0x000000000010055c       0x94 binaries/chprio.o
                0x000000000010055c                chprio
 .text          0x00000000001005f0       0x96 binaries/clkhandler.o
                0x00000000001005f0                clkhandler
 .text          0x0000000000100686       0x7e binaries/clkinit.o
                0x0000000000100686                clkinit
 .text          0x0000000000100704       0x75 binaries/close.o
                0x0000000000100704                close
 .text          0x0000000000100779        0x0 binaries/conf.o
 .text          0x0000000000100779       0x7b binaries/control.o
                0x0000000000100779                control
 .text          0x00000000001007f4      0x2c0 binaries/create.o
                0x00000000001007f4                create
 .text          0x0000000000100ab4      0x359 binaries/evec.o
                0x0000000000100ab4                initevec
                0x0000000000100b0b                set_evec
                0x0000000000100bad                trap
 .text          0x0000000000100e0d       0x19 binaries/exit.o
                0x0000000000100e0d                exit
 .text          0x0000000000100e26       0x8c binaries/freebuf.o
                0x0000000000100e26                freebuf
 .text          0x0000000000100eb2      0x172 binaries/freemem.o
                0x0000000000100eb2                freemem
 .text          0x0000000000101024       0x8a binaries/getbuf.o
                0x0000000000101024                getbuf
 .text          0x00000000001010ae       0x75 binaries/getc.o
                0x00000000001010ae                getc
 .text          0x0000000000101123       0x74 binaries/getdev.o
                0x0000000000101123                getdev
 .text          0x0000000000101197       0xd0 binaries/getitem.o
                0x0000000000101197                getfirst
                0x00000000001011dc                getlast
                0x0000000000101223                getitem
 .text          0x0000000000101267      0x10a binaries/getmem.o
                0x0000000000101267                getmem
 .text          0x0000000000101371        0xa binaries/getpid.o
                0x0000000000101371                getpid
 .text          0x000000000010137b       0x7d binaries/getprio.o
                0x000000000010137b                getprio
 .text          0x00000000001013f8       0xfb binaries/getstk.o
                0x00000000001013f8                getstk
 .text          0x00000000001014f3       0x16 binaries/getticks.o
                0x00000000001014f3                getticks
 .text          0x0000000000101509       0x3a binaries/gettime.o
                0x0000000000101509                gettime
 .text          0x0000000000101543      0x1e4 binaries/getutime.o
                0x0000000000101543                getutime
 .text          0x0000000000101727      0x3c5 binaries/i386.o
                0x0000000000101727                setsegs
                0x0000000000101839                init8259
                0x00000000001018eb                pseg
                0x0000000000101a93                setirmask
 .text          0x0000000000101aec       0x75 binaries/init.o
                0x0000000000101aec                init
 .text          0x0000000000101b61      0x3c8 binaries/initialize.o
                0x0000000000101b61                nulluser
                0x0000000000101ed0                stop
                0x0000000000101efb                delay
 .text          0x0000000000101f29       0x76 binaries/insert.o
                0x0000000000101f29                insert
 .text          0x0000000000101f9f      0x110 binaries/insertd.o
                0x0000000000101f9f                insertd
 .text          0x00000000001020af        0xa binaries/ioerr.o
                0x00000000001020af                ioerr
 .text          0x00000000001020b9        0xa binaries/ionull.o
                0x00000000001020b9                ionull
 .text          0x00000000001020c3      0x19d binaries/kill.o
                0x00000000001020c3                kill
 .text          0x0000000000102260      0x14e binaries/kprintf.o
                0x0000000000102260                kputc
                0x00000000001022f3                kgetc
                0x0000000000102384                kprintf
 .text          0x00000000001023ae      0x193 binaries/main.o
                0x00000000001023ae                delay_loop
                0x00000000001023e0                run_process
                0x0000000000102434                test_process
                0x0000000000102465                main
 .text          0x0000000000102541       0xb5 binaries/mark.o
                0x0000000000102541                markinit
                0x0000000000102565                mark
 .text          0x00000000001025f6       0xcc binaries/meminit.o
                0x00000000001025f6                meminit
 .text          0x00000000001026c2      0x174 binaries/mkbufpool.o
                0x00000000001026c2                mkbufpool
 .text          0x0000000000102836       0x94 binaries/newqueue.o
                0x0000000000102836                newqueue
 .text          0x00000000001028ca       0x7b binaries/open.o
                0x00000000001028ca                open
 .text          0x0000000000102945       0x20 binaries/panic.o
                0x0000000000102945                panic
 .text          0x0000000000102965      0x489 binaries/pci.o
                0x0000000000102965                pci_init
                0x0000000000102c22                find_pci_device
                0x0000000000102c70                pci_bios_read_config_byte
                0x0000000000102caf                pci_bios_read_config_word
                0x0000000000102cf1                pci_bios_read_config_dword
                0x0000000000102d30                pci_bios_write_config_byte
                0x0000000000102d71                pci_bios_write_config_word
                0x0000000000102db3                pci_bios_write_config_dword
 .text          0x0000000000102dee       0xf1 binaries/ptclear.o
                0x0000000000102dee                _ptclear
 .text          0x0000000000102edf       0x9d binaries/ptcount.o
                0x0000000000102edf                ptcount
 .text          0x0000000000102f7c      0x116 binaries/ptcreate.o
                0x0000000000102f7c                ptcreate
 .text          0x0000000000103092       0x7f binaries/ptdelete.o
                0x0000000000103092                ptdelete
 .text          0x0000000000103111       0xbf binaries/ptinit.o
                0x0000000000103111                ptinit
 .text          0x00000000001031d0      0x11b binaries/ptrecv.o
                0x00000000001031d0                ptrecv
 .text          0x00000000001032eb       0x77 binaries/ptreset.o
                0x00000000001032eb                ptreset
 .text          0x0000000000103362      0x13d binaries/ptsend.o
                0x0000000000103362                ptsend
 .text          0x000000000010349f       0x80 binaries/putc.o
                0x000000000010349f                putc
 .text          0x000000000010351f      0x111 binaries/queue.o
                0x000000000010351f                enqueue
                0x00000000001035c3                dequeue
 .text          0x0000000000103630       0x7b binaries/read.o
                0x0000000000103630                read
 .text          0x00000000001036ab       0x7e binaries/ready.o
                0x00000000001036ab                ready
 .text          0x0000000000103729       0x62 binaries/receive.o
                0x0000000000103729                receive
 .text          0x000000000010378b       0x5e binaries/recvclr.o
                0x000000000010378b                recvclr
 .text          0x00000000001037e9       0xbd binaries/recvtime.o
                0x00000000001037e9                recvtime
 .text          0x00000000001038a6      0x16c binaries/resched.o
                0x00000000001038a6                resched
                0x000000000010399d                resched_cntl
 .text          0x0000000000103a12       0xb1 binaries/resume.o
                0x0000000000103a12                resume
 .text          0x0000000000103ac3       0x79 binaries/seek.o
                0x0000000000103ac3                seek
 .text          0x0000000000103b3c       0x70 binaries/semcount.o
                0x0000000000103b3c                semcount
 .text          0x0000000000103bac       0xd6 binaries/semcreate.o
                0x0000000000103bac                semcreate
 .text          0x0000000000103c82       0xcd binaries/semdelete.o
                0x0000000000103c82                semdelete
 .text          0x0000000000103d4f       0xcb binaries/semreset.o
                0x0000000000103d4f                semreset
 .text          0x0000000000103e1a       0xed binaries/send.o
                0x0000000000103e1a                send
 .text          0x0000000000103f07       0xa8 binaries/signal.o
                0x0000000000103f07                signal
 .text          0x0000000000103faf       0xd6 binaries/signaln.o
                0x0000000000103faf                signaln
 .text          0x0000000000104085       0xed binaries/sleep.o
                0x0000000000104085                sleep
                0x00000000001040d3                sleepms
 .text          0x0000000000104172      0x192 binaries/stacktrace.o
                0x0000000000104172                stacktrace
 .text          0x0000000000104304       0xe7 binaries/suspend.o
                0x0000000000104304                suspend
 .text          0x00000000001043eb       0xe9 binaries/unsleep.o
                0x00000000001043eb                unsleep
 .text          0x00000000001044d4       0x19 binaries/userret.o
                0x00000000001044d4                userret
 .text          0x00000000001044ed       0xdd binaries/wait.o
                0x00000000001044ed                wait
 .text          0x00000000001045ca       0x72 binaries/wakeup.o
                0x00000000001045ca                wakeup
 .text          0x000000000010463c       0x7b binaries/write.o
                0x000000000010463c                write
 .text          0x00000000001046b7       0x1d binaries/xdone.o
                0x00000000001046b7                xdone
 .text          0x00000000001046d4       0x28 binaries/yield.o
                0x00000000001046d4                yield
 .text          0x00000000001046fc       0x11 binaries/abs.o
                0x00000000001046fc                abs
 .text          0x000000000010470d       0x8f binaries/atoi.o
                0x000000000010470d                atoi
 .text          0x000000000010479c       0x8f binaries/atol.o
                0x000000000010479c                atol
 .text          0x000000000010482b       0x31 binaries/bzero.o
                0x000000000010482b                bzero
 .text          0x000000000010485c        0x0 binaries/ctype_.o
 .text          0x000000000010485c      0x8ed binaries/doprnt.o
                0x000000000010485c                _doprnt
 .text          0x0000000000105149      0x65c binaries/doscan.o
                0x0000000000105149                _doscan
 .text          0x00000000001057a5      0x711 binaries/fdoprnt.o
                0x00000000001057a5                _fdoprnt
 .text          0x0000000000105eb6       0x29 binaries/fgetc.o
                0x0000000000105eb6                fgetc
 .text          0x0000000000105edf       0x75 binaries/fgets.o
                0x0000000000105edf                fgets
 .text          0x0000000000105f54       0x2a binaries/fprintf.o
                0x0000000000105f54                fprintf
 .text          0x0000000000105f7e       0x2c binaries/fputc.o
                0x0000000000105f7e                fputc
 .text          0x0000000000105faa       0x43 binaries/fputs.o
                0x0000000000105faa                fputs
 .text          0x0000000000105fed       0x8a binaries/fscanf.o
                0x0000000000105fed                fscanf
 .text          0x0000000000106077       0x32 binaries/getchar.o
                0x0000000000106077                getchar
 .text          0x00000000001060a9       0x11 binaries/labs.o
                0x00000000001060a9                labs
 .text          0x00000000001060ba        0x0 binaries/memchr.o
 .text          0x00000000001060ba       0x51 binaries/memcmp.o
                0x00000000001060ba                memcmp
 .text          0x000000000010610b       0x3f binaries/memcpy.o
                0x000000000010610b                memcpy
 .text          0x000000000010614a       0x30 binaries/memset.o
                0x000000000010614a                memset
 .text          0x000000000010617a       0x48 binaries/printf.o
                0x000000000010617a                printf
 .text          0x00000000001061c2       0x35 binaries/putchar.o
                0x00000000001061c2                putchar
 .text          0x00000000001061f7      0x27e binaries/qsort.o
                0x00000000001061f7                qsort
 .text          0x0000000000106475       0x63 binaries/rand.o
                0x0000000000106475                rand
                0x000000000010648d                rand_r
                0x00000000001064cb                srand
 .text          0x00000000001064d8       0x66 binaries/sprintf.o
                0x00000000001064d8                sprintf
 .text          0x000000000010653e       0x70 binaries/sscanf.o
                0x000000000010653e                sscanf
 .text          0x00000000001065ae       0x3c binaries/strchr.o
                0x00000000001065ae                strchr
 .text          0x00000000001065ea       0x45 binaries/strcmp.o
                0x00000000001065ea                strcmp
 .text          0x000000000010662f       0x27 binaries/strcpy.o
                0x000000000010662f                strcpy
 .text          0x0000000000106656       0x26 binaries/strlen.o
                0x0000000000106656                strlen
 .text          0x000000000010667c       0x56 binaries/strncat.o
                0x000000000010667c                strncat
 .text          0x00000000001066d2       0x5f binaries/strncmp.o
                0x00000000001066d2                strncmp
 .text          0x0000000000106731       0x4f binaries/strncpy.o
                0x0000000000106731                strncpy
 .text          0x0000000000106780       0x2e binaries/strnlen.o
                0x0000000000106780                strnlen
 .text          0x00000000001067ae       0x45 binaries/strrchr.o
                0x00000000001067ae                strrchr
 .text          0x00000000001067f3       0x6d binaries/strstr.o
                0x00000000001067f3                strstr
 .text          0x0000000000106860       0xe4 binaries/ttycontrol.o
                0x0000000000106860                ttycontrol
 .text          0x0000000000106944       0x97 binaries/ttygetc.o
                0x0000000000106944                ttygetc
 .text          0x00000000001069db      0x6ee binaries/ttyhandle_in.o
                0x00000000001069db                ttyhandle_in
 .text          0x00000000001070c9      0x1ae binaries/ttyhandle_out.o
                0x00000000001070c9                ttyhandle_out
 .text          0x0000000000107277       0xce binaries/ttyhandler.o
                0x0000000000107277                ttyhandler
 .text          0x0000000000107345      0x22f binaries/ttyinit.o
                0x0000000000107345                ttyinit
 .text          0x0000000000107574       0x1b binaries/ttykickout.o
                0x0000000000107574                ttykickout
 .text          0x000000000010758f       0xb7 binaries/ttyputc.o
                0x000000000010758f                ttyputc
 .text          0x0000000000107646      0x11b binaries/ttyread.o
                0x0000000000107646                ttyread
 .text          0x0000000000107761       0x4f binaries/ttywrite.o
                0x0000000000107761                ttywrite
 .text          0x00000000001077b0      0x14b binaries/mount.o
                0x00000000001077b0                mount
                0x00000000001078c5                namlen
 .text          0x00000000001078fb      0x1ea binaries/naminit.o
                0x00000000001078fb                naminit
 .text          0x0000000000107ae5      0x211 binaries/nammap.o
                0x0000000000107ae5                nammap
                0x0000000000107b70                namrepl
                0x0000000000107ca6                namcpy
 .text          0x0000000000107cf6       0x4e binaries/namopen.o
                0x0000000000107cf6                namopen
 .text          0x0000000000107d44      0xec3 binaries/82545EMInit.o
                0x0000000000107da2                _82545EMInit
                0x0000000000108a73                _82545EM_read_phy_reg
                0x0000000000108b39                _82545EM_write_phy_reg
 .text          0x0000000000108c07      0x241 binaries/ethcontrol.o
                0x0000000000108c65                ethcontrol
                0x0000000000108ddb                ethIrqDisable
                0x0000000000108e10                ethIrqEnable
 .text          0x0000000000108e48      0x252 binaries/ethhandler.o
                0x0000000000108fb8                ethhandler
 .text          0x000000000010909a      0x126 binaries/ethinit.o
                0x000000000010909a                ethinit
 .text          0x00000000001091c0      0x1f4 binaries/ethread.o
                0x000000000010921e                ethread
 .text          0x00000000001093b4      0x19f binaries/ethwrite.o
                0x0000000000109412                ethwrite
 .text          0x0000000000109553       0x9e binaries/rdsbufalloc.o
                0x0000000000109553                rdsbufalloc
 .text          0x00000000001095f1       0xcc binaries/rdsclose.o
                0x00000000001095f1                rdsclose
 .text          0x00000000001096bd      0x2e8 binaries/rdscomm.o
                0x00000000001096bd                rdscomm
 .text          0x00000000001099a5      0x233 binaries/rdscontrol.o
                0x00000000001099a5                rdscontrol
 .text          0x0000000000109bd8      0x1f3 binaries/rdsinit.o
                0x0000000000109bd8                rdsinit
 .text          0x0000000000109dcb      0x19b binaries/rdsopen.o
                0x0000000000109dcb                rdsopen
 .text          0x0000000000109f66      0x461 binaries/rdsprocess.o
                0x0000000000109f66                rdsprocess
 .text          0x000000000010a3c7      0x259 binaries/rdsread.o
                0x000000000010a3c7                rdsread
 .text          0x000000000010a620      0x1fe binaries/rdswrite.o
                0x000000000010a620                rdswrite
 .text          0x000000000010a81e        0xa binaries/ramclose.o
                0x000000000010a81e                ramclose
 .text          0x000000000010a828       0x3e binaries/raminit.o
                0x000000000010a828                raminit
 .text          0x000000000010a866        0xa binaries/ramopen.o
                0x000000000010a866                ramopen
 .text          0x000000000010a870       0x32 binaries/ramread.o
                0x000000000010a870                ramread
 .text          0x000000000010a8a2       0x32 binaries/ramwrite.o
                0x000000000010a8a2                ramwrite
 .text          0x000000000010a8d4       0x98 binaries/lfdballoc.o
                0x000000000010a8d4                lfdballoc
 .text          0x000000000010a96c       0x58 binaries/lfdbfree.o
                0x000000000010a96c                lfdbfree
 .text          0x000000000010a9c4       0xb6 binaries/lfflush.o
                0x000000000010a9c4                lfflush
 .text          0x000000000010aa7a       0xd8 binaries/lfgetmode.o
                0x000000000010aa7a                lfgetmode
 .text          0x000000000010ab52       0x68 binaries/lfiballoc.o
                0x000000000010ab52                lfiballoc
 .text          0x000000000010abba       0x3b binaries/lfibclear.o
                0x000000000010abba                lfibclear
 .text          0x000000000010abf5       0xad binaries/lfibget.o
                0x000000000010abf5                lfibget
 .text          0x000000000010aca2       0xdc binaries/lfibput.o
                0x000000000010aca2                lfibput
 .text          0x000000000010ad7e       0xa2 binaries/lflclose.o
                0x000000000010ad7e                lflclose
 .text          0x000000000010ae20       0xd0 binaries/lflcontrol.o
                0x000000000010ae20                lflcontrol
 .text          0x000000000010aef0       0xf2 binaries/lflgetc.o
                0x000000000010aef0                lflgetc
 .text          0x000000000010afe2       0xf1 binaries/lflinit.o
                0x000000000010afe2                lflinit
 .text          0x000000000010b0d3      0x122 binaries/lflputc.o
                0x000000000010b0d3                lflputc
 .text          0x000000000010b1f5       0x70 binaries/lflread.o
                0x000000000010b1f5                lflread
 .text          0x000000000010b265       0xac binaries/lflseek.o
                0x000000000010b265                lflseek
 .text          0x000000000010b311       0x55 binaries/lflwrite.o
                0x000000000010b311                lflwrite
 .text          0x000000000010b366       0x62 binaries/lfscheck.o
                0x000000000010b366                lfscheck
 .text          0x000000000010b3c8      0x175 binaries/lfsckfmt.o
                0x000000000010b3c8                lfsckfmt
 .text          0x000000000010b53d      0x1ad binaries/lfscreate.o
                0x000000000010b53d                lfscreate
 .text          0x000000000010b6ea      0x278 binaries/lfsetup.o
                0x000000000010b6ea                lfsetup
 .text          0x000000000010b962       0x51 binaries/lfsinit.o
                0x000000000010b962                lfsinit
 .text          0x000000000010b9b3      0x3c0 binaries/lfsopen.o
                0x000000000010b9b3                lfsopen
 .text          0x000000000010bd73      0x15e binaries/lftruncate.o
                0x000000000010bd73                lftruncate
 .text          0x000000000010bed1       0x71 binaries/rflclose.o
                0x000000000010bed1                rflclose
 .text          0x000000000010bf42       0x32 binaries/rflgetc.o
                0x000000000010bf42                rflgetc
 .text          0x000000000010bf74       0x76 binaries/rflinit.o
                0x000000000010bf74                rflinit
 .text          0x000000000010bfea       0x33 binaries/rflputc.o
                0x000000000010bfea                rflputc
 .text          0x000000000010c01d      0x360 binaries/rflread.o
                0x000000000010c01d                rflread
 .text          0x000000000010c37d       0x74 binaries/rflseek.o
                0x000000000010c37d                rflseek
 .text          0x000000000010c3f1      0x34d binaries/rflwrite.o
                0x000000000010c3f1                rflwrite
 .text          0x000000000010c73e      0x1e2 binaries/rfscomm.o
                0x000000000010c73e                rfscomm
 .text          0x000000000010c920      0x26d binaries/rfscontrol.o
                0x000000000010c920                rfscontrol
 .text          0x000000000010cb8d       0xd8 binaries/rfsgetmode.o
                0x000000000010cb8d                rfsgetmode
 .text          0x000000000010cc65       0x86 binaries/rfsinit.o
                0x000000000010cc65                rfsinit
 .text          0x000000000010cceb      0x111 binaries/rfsndmsg.o
                0x000000000010cceb                rfsndmsg
 .text          0x000000000010cdfc      0x2aa binaries/rfsopen.o
                0x000000000010cdfc                rfsopen
 .text          0x000000000010d0a6      0x836 binaries/arp.o
                0x000000000010d0a6                arp_init
                0x000000000010d0d8                arp_resolve
                0x000000000010d38c                arp_in
                0x000000000010d644                arp_alloc
                0x000000000010d704                arp_ntoh
                0x000000000010d7f0                arp_hton
 .text          0x000000000010d8dc      0x8e3 binaries/dhcp.o
                0x000000000010d8dc                dhcp_get_opt_val
                0x000000000010d935                dhcp_bld_bootp_msg
                0x000000000010da42                dhcp_bld_disc
                0x000000000010db2b                dhcp_bld_req
                0x000000000010dc9d                getlocalip
 .text          0x000000000010e1bf      0x59f binaries/dns.o
                0x000000000010e1bf                dnslookup
 .text          0x000000000010e75e       0xe8 binaries/dot2ip.o
                0x000000000010e75e                dot2ip
 .text          0x000000000010e846      0x4c4 binaries/hexdump.o
                0x000000000010e846                hexdump
                0x000000000010e9ed                hexadump
 .text          0x000000000010ed0a      0x8af binaries/icmp.o
                0x000000000010ed0a                icmp_init
                0x000000000010ed41                icmp_in
                0x000000000010ef17                icmp_register
                0x000000000010f012                icmp_recv
                0x000000000010f19e                icmp_send
                0x000000000010f226                icmp_mkpkt
                0x000000000010f340                icmp_release
                0x000000000010f43e                icmp_cksum
                0x000000000010f4d1                icmp_hton
                0x000000000010f545                icmp_ntoh
 .text          0x000000000010f5b9      0x8a5 binaries/ip.o
                0x000000000010f5b9                ip_in
                0x000000000010f73d                ip_send
                0x000000000010f898                ip_local
                0x000000000010f8e4                ip_out
                0x000000000010fa1d                ipcksum
                0x000000000010faa3                ip_ntoh
                0x000000000010fb8f                ip_hton
                0x000000000010fc7b                ipout
                0x000000000010fdaa                ip_enqueue
 .text          0x000000000010fe5e      0x2cd binaries/net.o
                0x000000000010fe5e                net_init
                0x000000000010ff86                netin
                0x0000000000110043                eth_hton
                0x000000000011006d                eth_ntoh
                0x0000000000110097                getport
 .text          0x000000000011012b     0x147f binaries/pdump.o
                0x000000000011012b                pdump
                0x0000000000110ee8                pdumph
 .text          0x00000000001115aa      0x613 binaries/tftp.o
                0x00000000001115aa                tftp_send1
                0x0000000000111722                tftpget
                0x0000000000111754                tftpget_mb
 .text          0x0000000000111bbd      0xb82 binaries/udp.o
                0x0000000000111bbd                udp_init
                0x0000000000111bf2                udp_in
                0x0000000000111d34                udp_register
                0x0000000000111e71                udp_recv
                0x000000000011200d                udp_recvaddr
                0x00000000001121c1                udp_send
                0x00000000001123a9                udp_sendto
                0x000000000011255a                udp_release
                0x0000000000112655                udp_ntoh
                0x00000000001126ca                udp_hton
 .text          0x000000000011273f      0x13b binaries/addargs.o
                0x000000000011273f                addargs
 .text          0x000000000011287a      0x2c9 binaries/lexan.o
                0x000000000011287a                lexan
 .text          0x0000000000112b43      0x667 binaries/shell.o
                0x0000000000112b43                shell
 .text          0x00000000001131aa       0x69 binaries/xsh_argecho.o
                0x00000000001131aa                xsh_argecho
 .text          0x0000000000113213      0x275 binaries/xsh_arp.o
                0x0000000000113213                xsh_arp
 .text          0x0000000000113488      0x275 binaries/xsh_cat.o
                0x0000000000113488                xsh_cat
 .text          0x00000000001136fd       0x5f binaries/xsh_clear.o
                0x00000000001136fd                xsh_clear
 .text          0x000000000011375c      0x2ff binaries/xsh_date.o
                0x000000000011375c                xsh_date
 .text          0x0000000000113a5b       0xaf binaries/xsh_devdump.o
                0x0000000000113a5b                xsh_devdump
 .text          0x0000000000113b0a       0x72 binaries/xsh_echo.o
                0x0000000000113b0a                xsh_echo
 .text          0x0000000000113b7c        0xa binaries/xsh_exit.o
                0x0000000000113b7c                xsh_exit
 .text          0x0000000000113b86      0x38b binaries/xsh_help.o
                0x0000000000113b86                xsh_help
 .text          0x0000000000113f11      0x24e binaries/xsh_kill.o
                0x0000000000113f11                xsh_kill
 .text          0x000000000011415f      0x54b binaries/xsh_memdump.o
                0x000000000011415f                xsh_memdump
 .text          0x00000000001146aa      0x2b1 binaries/xsh_memstat.o
                0x00000000001146aa                xsh_memstat
 .text          0x000000000011495b      0x511 binaries/xsh_netinfo.o
                0x000000000011495b                xsh_netinfo
 .text          0x0000000000114e6c      0x498 binaries/xsh_ping.o
                0x0000000000114e6c                xsh_ping
 .text          0x0000000000115304      0x229 binaries/xsh_ps.o
                0x0000000000115304                xsh_ps
 .text          0x000000000011552d      0x22a binaries/xsh_sleep.o
                0x000000000011552d                xsh_sleep
 .text          0x0000000000115757      0x27c binaries/xsh_udpdump.o
                0x0000000000115757                xsh_udpdump
 .text          0x00000000001159d3      0x4cc binaries/xsh_udpecho.o
                0x00000000001159d3                xsh_udpecho
 .text          0x0000000000115e9f      0x2b6 binaries/xsh_udpserver.o
                0x0000000000115e9f                xsh_udpeserver
 .text          0x0000000000116155      0x1f5 binaries/xsh_uptime.o
                0x0000000000116155                xsh_uptime
 .text          0x000000000011634a        0xe binaries/clkdisp.o
                0x000000000011634a                clkdisp
 .text          0x0000000000116358       0x19 binaries/ctxsw.o
                0x0000000000116358                ctxsw
 .text          0x0000000000116371      0x368 binaries/intr.o
                0x0000000000116371                disable
                0x000000000011637a                restore
                0x0000000000116388                enable
                0x000000000011638a                pause
                0x0000000000116391                halt
                0x0000000000116394                spurious_irq7
                0x0000000000116399                spurious_irq15
                0x00000000001163a8                _Xint0
                0x00000000001163b3                _Xint1
                0x00000000001163be                _Xint2
                0x00000000001163c9                _Xint3
                0x00000000001163d4                _Xint4
                0x00000000001163df                _Xint5
                0x00000000001163ea                _Xint6
                0x00000000001163f5                _Xint7
                0x0000000000116400                _Xint8
                0x000000000011640b                _Xint9
                0x0000000000116416                _Xint10
                0x0000000000116421                _Xint11
                0x000000000011642f                _Xint12
                0x000000000011643d                _Xint13
                0x000000000011644b                _Xint14
                0x0000000000116459                _Xint15
                0x0000000000116467                _Xint16
                0x0000000000116475                _Xint17
                0x0000000000116483                _Xint18
                0x0000000000116491                _Xint19
                0x000000000011649f                _Xint20
                0x00000000001164ad                _Xint21
                0x00000000001164bb                _Xint22
                0x00000000001164c9                _Xint23
                0x00000000001164d7                _Xint24
                0x00000000001164e5                _Xint25
                0x00000000001164f3                _Xint26
                0x0000000000116501                _Xint27
                0x000000000011650f                _Xint28
                0x000000000011651d                _Xint29
                0x000000000011652b                _Xint30
                0x0000000000116539                _Xint31
                0x0000000000116547                _Xint32
                0x0000000000116555                _Xint33
                0x0000000000116563                _Xint34
                0x0000000000116571                _Xint35
                0x000000000011657f                _Xint36
                0x000000000011658d                _Xint37
                0x000000000011659b                _Xint38
                0x00000000001165a9                _Xint39
                0x00000000001165b7                _Xint40
                0x00000000001165c5                _Xint41
                0x00000000001165d3                _Xint42
                0x00000000001165e1                _Xint43
                0x00000000001165ef                _Xint44
                0x00000000001165fd                _Xint45
                0x000000000011660b                _Xint46
                0x0000000000116619                defevec
 .text          0x00000000001166d9        0xf binaries/ttydispatch.o
                0x00000000001166d9                ttydispatch
 .text          0x00000000001166e8       0x13 binaries/ethdispatch.o
                0x00000000001166e8                ethdispatch
 *(.rodata .rodata.*)
 *fill*         0x00000000001166fb        0x1 
 .rodata        0x00000000001166fc       0x8e binaries/ascdate.o
 .rodata        0x000000000011678a       0xae binaries/conf.o
 .rodata        0x0000000000116838      0x22f binaries/evec.o
 *fill*         0x0000000000116a67        0x1 
 .rodata        0x0000000000116a68       0x61 binaries/getutime.o
 *fill*         0x0000000000116ac9        0x3 
 .rodata        0x0000000000116acc       0x90 binaries/i386.o
 .rodata        0x0000000000116b5c      0x180 binaries/initialize.o
 .rodata        0x0000000000116cdc       0x20 binaries/kill.o
 .rodata        0x0000000000116cfc       0x49 binaries/main.o
 .rodata        0x0000000000116d45        0xf binaries/panic.o
 .rodata        0x0000000000116d54      0x1ec binaries/pci.o
 .rodata        0x0000000000116f40       0x1d binaries/ptinit.o
 *fill*         0x0000000000116f5d        0x3 
 .rodata        0x0000000000116f60       0x25 binaries/ptsend.o
 *fill*         0x0000000000116f85        0x3 
 .rodata        0x0000000000116f88       0xb7 binaries/stacktrace.o
 *fill*         0x000000000011703f        0x1 
 .rodata        0x0000000000117040       0x27 binaries/xdone.o
 *fill*         0x0000000000117067       0x19 
 .rodata        0x0000000000117080       0x81 binaries/ctype_.o
                0x0000000000117080                _ctype_
 *fill*         0x0000000000117101        0x3 
 .rodata        0x0000000000117104       0xee binaries/doprnt.o
 *fill*         0x00000000001171f2        0x2 
 .rodata        0x00000000001171f4       0x98 binaries/doscan.o
 .rodata        0x000000000011728c       0xae binaries/fdoprnt.o
 *fill*         0x000000000011733a        0x2 
 .rodata        0x000000000011733c       0x20 binaries/ttycontrol.o
 .rodata        0x000000000011735c       0x34 binaries/ttyhandler.o
 .rodata        0x0000000000117390       0x80 binaries/naminit.o
 .rodata        0x0000000000117410       0x2e binaries/82545EMInit.o
 *fill*         0x000000000011743e        0x2 
 .rodata        0x0000000000117440       0x78 binaries/ethinit.o
 .rodata        0x00000000001174b8       0x18 binaries/ethread.o
 .rodata        0x00000000001174d0       0x2c binaries/rdsbufalloc.o
 .rodata        0x00000000001174fc       0x76 binaries/rdscomm.o
 *fill*         0x0000000000117572        0x2 
 .rodata        0x0000000000117574       0x48 binaries/rdscontrol.o
 .rodata        0x00000000001175bc       0x96 binaries/rdsinit.o
 *fill*         0x0000000000117652        0x2 
 .rodata        0x0000000000117654       0x22 binaries/rdsopen.o
 *fill*         0x0000000000117676        0x2 
 .rodata        0x0000000000117678       0x4d binaries/rdsprocess.o
 .rodata        0x00000000001176c5        0x9 binaries/raminit.o
 *fill*         0x00000000001176ce        0x2 
 .rodata        0x00000000001176d0       0x37 binaries/lfdballoc.o
 .rodata        0x0000000000117707       0x14 binaries/lfiballoc.o
 *fill*         0x000000000011771b        0x1 
 .rodata        0x000000000011771c       0x23 binaries/lflcontrol.o
 *fill*         0x000000000011773f        0x1 
 .rodata        0x0000000000117740      0x11b binaries/lfsckfmt.o
 *fill*         0x000000000011785b        0x1 
 .rodata        0x000000000011785c       0x2a binaries/lfsopen.o
 *fill*         0x0000000000117886        0x2 
 .rodata        0x0000000000117888       0x21 binaries/rflread.o
 *fill*         0x00000000001178a9        0x3 
 .rodata        0x00000000001178ac       0x21 binaries/rflwrite.o
 *fill*         0x00000000001178cd        0x3 
 .rodata        0x00000000001178d0       0x75 binaries/rfscomm.o
 *fill*         0x0000000000117945        0x3 
 .rodata        0x0000000000117948       0x3c binaries/rfscontrol.o
 .rodata        0x0000000000117984       0x63 binaries/rfsinit.o
 *fill*         0x00000000001179e7        0x1 
 .rodata        0x00000000001179e8       0x2a binaries/rfsndmsg.o
 *fill*         0x0000000000117a12        0x2 
 .rodata        0x0000000000117a14       0x22 binaries/rfsopen.o
 *fill*         0x0000000000117a36        0x2 
 .rodata        0x0000000000117a38       0x3a binaries/arp.o
 *fill*         0x0000000000117a72        0x2 
 .rodata        0x0000000000117a74       0xcf binaries/dhcp.o
 .rodata        0x0000000000117b43       0x1a binaries/dns.o
 *fill*         0x0000000000117b5d        0x3 
 .rodata        0x0000000000117b60       0xc9 binaries/hexdump.o
 *fill*         0x0000000000117c29        0x3 
 .rodata        0x0000000000117c2c       0x29 binaries/icmp.o
 *fill*         0x0000000000117c55        0x3 
 .rodata        0x0000000000117c58       0x6e binaries/ip.o
 *fill*         0x0000000000117cc6        0x2 
 .rodata        0x0000000000117cc8       0x4f binaries/net.o
 *fill*         0x0000000000117d17        0x1 
 .rodata        0x0000000000117d18      0x26f binaries/pdump.o
 *fill*         0x0000000000117f87        0x1 
 .rodata        0x0000000000117f88      0x154 binaries/tftp.o
 *fill*         0x00000000001180dc        0x4 
 .rodata        0x00000000001180e0      0x3c1 binaries/shell.o
                0x0000000000118160                cmdtab
 .rodata        0x00000000001184a1       0x28 binaries/xsh_argecho.o
 *fill*         0x00000000001184c9        0x3 
 .rodata        0x00000000001184cc      0x123 binaries/xsh_arp.o
 *fill*         0x00000000001185ef        0x1 
 .rodata        0x00000000001185f0       0xc9 binaries/xsh_cat.o
 .rodata        0x00000000001186b9       0x19 binaries/xsh_clear.o
 *fill*         0x00000000001186d2        0x2 
 .rodata        0x00000000001186d4      0x1c3 binaries/xsh_date.o
 .rodata        0x0000000000118897       0x5d binaries/xsh_devdump.o
 .rodata        0x00000000001188f4        0x9 binaries/xsh_echo.o
 *fill*         0x00000000001188fd        0x3 
 .rodata        0x0000000000118900      0x169 binaries/xsh_help.o
 *fill*         0x0000000000118a69        0x3 
 .rodata        0x0000000000118a6c      0x12e binaries/xsh_kill.o
 *fill*         0x0000000000118b9a        0x2 
 .rodata        0x0000000000118b9c      0x266 binaries/xsh_memdump.o
 *fill*         0x0000000000118e02        0x2 
 .rodata        0x0000000000118e04      0x225 binaries/xsh_memstat.o
 *fill*         0x0000000000119029        0x3 
 .rodata        0x000000000011902c      0x1b0 binaries/xsh_netinfo.o
 .rodata        0x00000000001191dc      0x1a1 binaries/xsh_ping.o
 *fill*         0x000000000011937d        0x3 
 .rodata        0x0000000000119380      0x1e0 binaries/xsh_ps.o
 .rodata        0x0000000000119560       0xeb binaries/xsh_sleep.o
 *fill*         0x000000000011964b        0x1 
 .rodata        0x000000000011964c      0x1b8 binaries/xsh_udpdump.o
 .rodata        0x0000000000119804      0x215 binaries/xsh_udpecho.o
 *fill*         0x0000000000119a19        0x3 
 .rodata        0x0000000000119a1c      0x12b binaries/xsh_udpserver.o
 *fill*         0x0000000000119b47        0x1 
 .rodata        0x0000000000119b48      0x105 binaries/xsh_uptime.o
                0x0000000000119c4d                etext = ABSOLUTE (.)
                0x000000000011a000                . = ALIGN (0x1000)
 *fill*         0x0000000000119c4d      0x3b3 

.eh_frame       0x000000000011a000     0x2c8c
 .eh_frame      0x000000000011a000       0x38 binaries/ascdate.o
 .eh_frame      0x000000000011a038       0x20 binaries/bufinit.o
                                         0x38 (size before relaxing)
 .eh_frame      0x000000000011a058       0x20 binaries/chprio.o
                                         0x38 (size before relaxing)
 .eh_frame      0x000000000011a078       0x20 binaries/clkhandler.o
                                         0x38 (size before relaxing)
 .eh_frame      0x000000000011a098       0x20 binaries/clkinit.o
                                         0x38 (size before relaxing)
 .eh_frame      0x000000000011a0b8       0x20 binaries/close.o
                                         0x38 (size before relaxing)
 .eh_frame      0x000000000011a0d8       0x20 binaries/control.o
                                         0x38 (size before relaxing)
 .eh_frame      0x000000000011a0f8       0x40 binaries/create.o
                                         0x58 (size before relaxing)
 .eh_frame      0x000000000011a138       0x60 binaries/evec.o
                                         0x78 (size before relaxing)
 .eh_frame      0x000000000011a198       0x20 binaries/exit.o
                                         0x38 (size before relaxing)
 .eh_frame      0x000000000011a1b8       0x20 binaries/freebuf.o
                                         0x38 (size before relaxing)
 .eh_frame      0x000000000011a1d8       0x20 binaries/freemem.o
                                         0x38 (size before relaxing)
 .eh_frame      0x000000000011a1f8       0x20 binaries/getbuf.o
                                         0x38 (size before relaxing)
 .eh_frame      0x000000000011a218       0x20 binaries/getc.o
                                         0x38 (size before relaxing)
 .eh_frame      0x000000000011a238       0x20 binaries/getdev.o
                                         0x38 (size before relaxing)
 .eh_frame      0x000000000011a258       0x60 binaries/getitem.o
                                         0x78 (size before relaxing)
 .eh_frame      0x000000000011a2b8       0x20 binaries/getmem.o
                                         0x38 (size before relaxing)
 .eh_frame      0x000000000011a2d8       0x20 binaries/getpid.o
                                         0x38 (size before relaxing)
 .eh_frame      0x000000000011a2f8       0x20 binaries/getprio.o
                                         0x38 (size before relaxing)
 .eh_frame      0x000000000011a318       0x20 binaries/getstk.o
                                         0x38 (size before relaxing)
 .eh_frame      0x000000000011a338       0x20 binaries/getticks.o
                                         0x38 (size before relaxing)
 .eh_frame      0x000000000011a358       0x20 binaries/gettime.o
                                         0x38 (size before relaxing)
 .eh_frame      0x000000000011a378       0x20 binaries/getutime.o
                                         0x38 (size before relaxing)
 .eh_frame      0x000000000011a398       0x8c binaries/i386.o
                                         0xa4 (size before relaxing)
 .eh_frame      0x000000000011a424       0x20 binaries/init.o
                                         0x38 (size before relaxing)
 .eh_frame      0x000000000011a444       0xa0 binaries/initialize.o
                                         0xb8 (size before relaxing)
 .eh_frame      0x000000000011a4e4       0x20 binaries/insert.o
                                         0x38 (size before relaxing)
 .eh_frame      0x000000000011a504       0x20 binaries/insertd.o
                                         0x38 (size before relaxing)
 .eh_frame      0x000000000011a524       0x20 binaries/ioerr.o
                                         0x38 (size before relaxing)
 .eh_frame      0x000000000011a544       0x20 binaries/ionull.o
                                         0x38 (size before relaxing)
 .eh_frame      0x000000000011a564       0x20 binaries/kill.o
                                         0x38 (size before relaxing)
 .eh_frame      0x000000000011a584       0x60 binaries/kprintf.o
                                         0x78 (size before relaxing)
 .eh_frame      0x000000000011a5e4       0x88 binaries/main.o
                                         0xa0 (size before relaxing)
 .eh_frame      0x000000000011a66c       0x40 binaries/mark.o
                                         0x58 (size before relaxing)
 .eh_frame      0x000000000011a6ac       0x20 binaries/meminit.o
                                         0x38 (size before relaxing)
 .eh_frame      0x000000000011a6cc       0x20 binaries/mkbufpool.o
                                         0x38 (size before relaxing)
 .eh_frame      0x000000000011a6ec       0x20 binaries/newqueue.o
                                         0x38 (size before relaxing)
 .eh_frame      0x000000000011a70c       0x20 binaries/open.o
                                         0x38 (size before relaxing)
 .eh_frame      0x000000000011a72c       0x1c binaries/panic.o
                                         0x34 (size before relaxing)
 .eh_frame      0x000000000011a748      0x1c8 binaries/pci.o
                                        0x1e0 (size before relaxing)
 .eh_frame      0x000000000011a910       0x20 binaries/ptclear.o
                                         0x38 (size before relaxing)
 .eh_frame      0x000000000011a930       0x20 binaries/ptcount.o
                                         0x38 (size before relaxing)
 .eh_frame      0x000000000011a950       0x20 binaries/ptcreate.o
                                         0x38 (size before relaxing)
 .eh_frame      0x000000000011a970       0x20 binaries/ptdelete.o
                                         0x38 (size before relaxing)
 .eh_frame      0x000000000011a990       0x20 binaries/ptinit.o
                                         0x38 (size before relaxing)
 .eh_frame      0x000000000011a9b0       0x20 binaries/ptrecv.o
                                         0x38 (size before relaxing)
 .eh_frame      0x000000000011a9d0       0x20 binaries/ptreset.o
                                         0x38 (size before relaxing)
 .eh_frame      0x000000000011a9f0       0x20 binaries/ptsend.o
                                         0x38 (size before relaxing)
 .eh_frame      0x000000000011aa10       0x20 binaries/putc.o
                                         0x38 (size before relaxing)
 .eh_frame      0x000000000011aa30       0x40 binaries/queue.o
                                         0x58 (size before relaxing)
 .eh_frame      0x000000000011aa70       0x20 binaries/read.o
                                         0x38 (size before relaxing)
 .eh_frame      0x000000000011aa90       0x24 binaries/ready.o
                                         0x3c (size before relaxing)
 .eh_frame      0x000000000011aab4       0x20 binaries/receive.o
                                         0x38 (size before relaxing)
 .eh_frame      0x000000000011aad4       0x20 binaries/recvclr.o
                                         0x38 (size before relaxing)
 .eh_frame      0x000000000011aaf4       0x20 binaries/recvtime.o
                                         0x38 (size before relaxing)
 .eh_frame      0x000000000011ab14       0x40 binaries/resched.o
                                         0x58 (size before relaxing)
 .eh_frame      0x000000000011ab54       0x20 binaries/resume.o
                                         0x38 (size before relaxing)
 .eh_frame      0x000000000011ab74       0x20 binaries/seek.o
                                         0x38 (size before relaxing)
 .eh_frame      0x000000000011ab94       0x20 binaries/semcount.o
                                         0x38 (size before relaxing)
 .eh_frame      0x000000000011abb4       0x40 binaries/semcreate.o
                                         0x58 (size before relaxing)
 .eh_frame      0x000000000011abf4       0x20 binaries/semdelete.o
                                         0x38 (size before relaxing)
 .eh_frame      0x000000000011ac14       0x20 binaries/semreset.o
                                         0x38 (size before relaxing)
 .eh_frame      0x000000000011ac34       0x20 binaries/send.o
                                         0x38 (size before relaxing)
 .eh_frame      0x000000000011ac54       0x20 binaries/signal.o
                                         0x38 (size before relaxing)
 .eh_frame      0x000000000011ac74       0x20 binaries/signaln.o
                                         0x38 (size before relaxing)
 .eh_frame      0x000000000011ac94       0x40 binaries/sleep.o
                                         0x58 (size before relaxing)
 .eh_frame      0x000000000011acd4       0x20 binaries/stacktrace.o
                                         0x38 (size before relaxing)
 .eh_frame      0x000000000011acf4       0x20 binaries/suspend.o
                                         0x38 (size before relaxing)
 .eh_frame      0x000000000011ad14       0x20 binaries/unsleep.o
                                         0x38 (size before relaxing)
 .eh_frame      0x000000000011ad34       0x20 binaries/userret.o
                                         0x38 (size before relaxing)
 .eh_frame      0x000000000011ad54       0x20 binaries/wait.o
                                         0x38 (size before relaxing)
 .eh_frame      0x000000000011ad74       0x20 binaries/wakeup.o
                                         0x38 (size before relaxing)
 .eh_frame      0x000000000011ad94       0x20 binaries/write.o
                                         0x38 (size before relaxing)
 .eh_frame      0x000000000011adb4       0x20 binaries/xdone.o
                                         0x38 (size before relaxing)
 .eh_frame      0x000000000011add4       0x20 binaries/yield.o
                                         0x38 (size before relaxing)
 .eh_frame      0x000000000011adf4       0x20 binaries/abs.o
                                         0x38 (size before relaxing)
 .eh_frame      0x000000000011ae14       0x20 binaries/atoi.o
                                         0x38 (size before relaxing)
 .eh_frame      0x000000000011ae34       0x20 binaries/atol.o
                                         0x38 (size before relaxing)
 .eh_frame      0x000000000011ae54       0x20 binaries/bzero.o
                                         0x38 (size before relaxing)
 .eh_frame      0x000000000011ae74       0xe0 binaries/doprnt.o
                                         0xf8 (size before relaxing)
 .eh_frame      0x000000000011af54       0xb0 binaries/doscan.o
                                         0xc8 (size before relaxing)
 .eh_frame      0x000000000011b004       0xc0 binaries/fdoprnt.o
                                         0xd8 (size before relaxing)
 .eh_frame      0x000000000011b0c4       0x20 binaries/fgetc.o
                                         0x38 (size before relaxing)
 .eh_frame      0x000000000011b0e4       0x20 binaries/fgets.o
                                         0x38 (size before relaxing)
 .eh_frame      0x000000000011b104       0x20 binaries/fprintf.o
                                         0x38 (size before relaxing)
 .eh_frame      0x000000000011b124       0x20 binaries/fputc.o
                                         0x38 (size before relaxing)
 .eh_frame      0x000000000011b144       0x20 binaries/fputs.o
                                         0x38 (size before relaxing)
 .eh_frame      0x000000000011b164       0x60 binaries/fscanf.o
                                         0x78 (size before relaxing)
 .eh_frame      0x000000000011b1c4       0x20 binaries/getchar.o
                                         0x38 (size before relaxing)
 .eh_frame      0x000000000011b1e4       0x20 binaries/labs.o
                                         0x38 (size before relaxing)
 .eh_frame      0x000000000011b204       0x20 binaries/memcmp.o
                                         0x38 (size before relaxing)
 .eh_frame      0x000000000011b224       0x24 binaries/memcpy.o
                                         0x3c (size before relaxing)
 .eh_frame      0x000000000011b248       0x24 binaries/memset.o
                                         0x3c (size before relaxing)
 .eh_frame      0x000000000011b26c       0x20 binaries/printf.o
                                         0x38 (size before relaxing)
 .eh_frame      0x000000000011b28c       0x20 binaries/putchar.o
                                         0x38 (size before relaxing)
 .eh_frame      0x000000000011b2ac       0xa8 binaries/qsort.o
                                         0xc0 (size before relaxing)
 .eh_frame      0x000000000011b354       0x60 binaries/rand.o
                                         0x78 (size before relaxing)
 .eh_frame      0x000000000011b3b4       0x40 binaries/sprintf.o
                                         0x58 (size before relaxing)
 .eh_frame      0x000000000011b3f4       0x60 binaries/sscanf.o
                                         0x78 (size before relaxing)
 .eh_frame      0x000000000011b454       0x20 binaries/strchr.o
                                         0x38 (size before relaxing)
 .eh_frame      0x000000000011b474       0x20 binaries/strcmp.o
                                         0x38 (size before relaxing)
 .eh_frame      0x000000000011b494       0x20 binaries/strcpy.o
                                         0x38 (size before relaxing)
 .eh_frame      0x000000000011b4b4       0x20 binaries/strlen.o
                                         0x38 (size before relaxing)
 .eh_frame      0x000000000011b4d4       0x20 binaries/strncat.o
                                         0x38 (size before relaxing)
 .eh_frame      0x000000000011b4f4       0x20 binaries/strncmp.o
                                         0x38 (size before relaxing)
 .eh_frame      0x000000000011b514       0x28 binaries/strncpy.o
                                         0x40 (size before relaxing)
 .eh_frame      0x000000000011b53c       0x20 binaries/strnlen.o
                                         0x38 (size before relaxing)
 .eh_frame      0x000000000011b55c       0x20 binaries/strrchr.o
                                         0x38 (size before relaxing)
 .eh_frame      0x000000000011b57c       0x20 binaries/strstr.o
                                         0x38 (size before relaxing)
 .eh_frame      0x000000000011b59c       0x20 binaries/ttycontrol.o
                                         0x38 (size before relaxing)
 .eh_frame      0x000000000011b5bc       0x20 binaries/ttygetc.o
                                         0x38 (size before relaxing)
 .eh_frame      0x000000000011b5dc       0x80 binaries/ttyhandle_in.o
                                         0x98 (size before relaxing)
 .eh_frame      0x000000000011b65c       0x20 binaries/ttyhandle_out.o
                                         0x38 (size before relaxing)
 .eh_frame      0x000000000011b67c       0x20 binaries/ttyhandler.o
                                         0x38 (size before relaxing)
 .eh_frame      0x000000000011b69c       0x20 binaries/ttyinit.o
                                         0x38 (size before relaxing)
 .eh_frame      0x000000000011b6bc       0x20 binaries/ttykickout.o
                                         0x38 (size before relaxing)
 .eh_frame      0x000000000011b6dc       0x20 binaries/ttyputc.o
                                         0x38 (size before relaxing)
 .eh_frame      0x000000000011b6fc       0x24 binaries/ttyread.o
                                         0x3c (size before relaxing)
 .eh_frame      0x000000000011b720       0x20 binaries/ttywrite.o
                                         0x38 (size before relaxing)
 .eh_frame      0x000000000011b740       0x40 binaries/mount.o
                                         0x58 (size before relaxing)
 .eh_frame      0x000000000011b780       0x20 binaries/naminit.o
                                         0x38 (size before relaxing)
 .eh_frame      0x000000000011b7a0       0x60 binaries/nammap.o
                                         0x78 (size before relaxing)
 .eh_frame      0x000000000011b800       0x20 binaries/namopen.o
                                         0x38 (size before relaxing)
 .eh_frame      0x000000000011b820      0x150 binaries/82545EMInit.o
                                        0x168 (size before relaxing)
 .eh_frame      0x000000000011b970       0xa0 binaries/ethcontrol.o
                                         0xb8 (size before relaxing)
 .eh_frame      0x000000000011ba10       0x80 binaries/ethhandler.o
                                         0x98 (size before relaxing)
 .eh_frame      0x000000000011ba90       0x20 binaries/ethinit.o
                                         0x38 (size before relaxing)
 .eh_frame      0x000000000011bab0       0x60 binaries/ethread.o
                                         0x78 (size before relaxing)
 .eh_frame      0x000000000011bb10       0x60 binaries/ethwrite.o
                                         0x78 (size before relaxing)
 .eh_frame      0x000000000011bb70       0x20 binaries/rdsbufalloc.o
                                         0x38 (size before relaxing)
 .eh_frame      0x000000000011bb90       0x20 binaries/rdsclose.o
                                         0x38 (size before relaxing)
 .eh_frame      0x000000000011bbb0       0x20 binaries/rdscomm.o
                                         0x38 (size before relaxing)
 .eh_frame      0x000000000011bbd0       0x20 binaries/rdscontrol.o
                                         0x38 (size before relaxing)
 .eh_frame      0x000000000011bbf0       0x20 binaries/rdsinit.o
                                         0x38 (size before relaxing)
 .eh_frame      0x000000000011bc10       0x20 binaries/rdsopen.o
                                         0x38 (size before relaxing)
 .eh_frame      0x000000000011bc30       0x1c binaries/rdsprocess.o
                                         0x34 (size before relaxing)
 .eh_frame      0x000000000011bc4c       0x20 binaries/rdsread.o
                                         0x38 (size before relaxing)
 .eh_frame      0x000000000011bc6c       0x20 binaries/rdswrite.o
                                         0x38 (size before relaxing)
 .eh_frame      0x000000000011bc8c       0x20 binaries/ramclose.o
                                         0x38 (size before relaxing)
 .eh_frame      0x000000000011bcac       0x20 binaries/raminit.o
                                         0x38 (size before relaxing)
 .eh_frame      0x000000000011bccc       0x20 binaries/ramopen.o
                                         0x38 (size before relaxing)
 .eh_frame      0x000000000011bcec       0x20 binaries/ramread.o
                                         0x38 (size before relaxing)
 .eh_frame      0x000000000011bd0c       0x20 binaries/ramwrite.o
                                         0x38 (size before relaxing)
 .eh_frame      0x000000000011bd2c       0x20 binaries/lfdballoc.o
                                         0x38 (size before relaxing)
 .eh_frame      0x000000000011bd4c       0x20 binaries/lfdbfree.o
                                         0x38 (size before relaxing)
 .eh_frame      0x000000000011bd6c       0x20 binaries/lfflush.o
                                         0x38 (size before relaxing)
 .eh_frame      0x000000000011bd8c       0x20 binaries/lfgetmode.o
                                         0x38 (size before relaxing)
 .eh_frame      0x000000000011bdac       0x20 binaries/lfiballoc.o
                                         0x38 (size before relaxing)
 .eh_frame      0x000000000011bdcc       0x20 binaries/lfibclear.o
                                         0x38 (size before relaxing)
 .eh_frame      0x000000000011bdec       0x20 binaries/lfibget.o
                                         0x38 (size before relaxing)
 .eh_frame      0x000000000011be0c       0x20 binaries/lfibput.o
                                         0x38 (size before relaxing)
 .eh_frame      0x000000000011be2c       0x20 binaries/lflclose.o
                                         0x38 (size before relaxing)
 .eh_frame      0x000000000011be4c       0x20 binaries/lflcontrol.o
                                         0x38 (size before relaxing)
 .eh_frame      0x000000000011be6c       0x20 binaries/lflgetc.o
                                         0x38 (size before relaxing)
 .eh_frame      0x000000000011be8c       0x20 binaries/lflinit.o
                                         0x38 (size before relaxing)
 .eh_frame      0x000000000011beac       0x20 binaries/lflputc.o
                                         0x38 (size before relaxing)
 .eh_frame      0x000000000011becc       0x20 binaries/lflread.o
                                         0x38 (size before relaxing)
 .eh_frame      0x000000000011beec       0x20 binaries/lflseek.o
                                         0x38 (size before relaxing)
 .eh_frame      0x000000000011bf0c       0x20 binaries/lflwrite.o
                                         0x38 (size before relaxing)
 .eh_frame      0x000000000011bf2c       0x20 binaries/lfscheck.o
                                         0x38 (size before relaxing)
 .eh_frame      0x000000000011bf4c       0x20 binaries/lfsckfmt.o
                                         0x38 (size before relaxing)
 .eh_frame      0x000000000011bf6c       0x20 binaries/lfscreate.o
                                         0x38 (size before relaxing)
 .eh_frame      0x000000000011bf8c       0x20 binaries/lfsetup.o
                                         0x38 (size before relaxing)
 .eh_frame      0x000000000011bfac       0x20 binaries/lfsinit.o
                                         0x38 (size before relaxing)
 .eh_frame      0x000000000011bfcc       0x20 binaries/lfsopen.o
                                         0x38 (size before relaxing)
 .eh_frame      0x000000000011bfec       0x20 binaries/lftruncate.o
                                         0x38 (size before relaxing)
 .eh_frame      0x000000000011c00c       0x20 binaries/rflclose.o
                                         0x38 (size before relaxing)
 .eh_frame      0x000000000011c02c       0x20 binaries/rflgetc.o
                                         0x38 (size before relaxing)
 .eh_frame      0x000000000011c04c       0x20 binaries/rflinit.o
                                         0x38 (size before relaxing)
 .eh_frame      0x000000000011c06c       0x20 binaries/rflputc.o
                                         0x38 (size before relaxing)
 .eh_frame      0x000000000011c08c       0x20 binaries/rflread.o
                                         0x38 (size before relaxing)
 .eh_frame      0x000000000011c0ac       0x20 binaries/rflseek.o
                                         0x38 (size before relaxing)
 .eh_frame      0x000000000011c0cc       0x20 binaries/rflwrite.o
                                         0x38 (size before relaxing)
 .eh_frame      0x000000000011c0ec       0x20 binaries/rfscomm.o
                                         0x38 (size before relaxing)
 .eh_frame      0x000000000011c10c       0x20 binaries/rfscontrol.o
                                         0x38 (size before relaxing)
 .eh_frame      0x000000000011c12c       0x20 binaries/rfsgetmode.o
                                         0x38 (size before relaxing)
 .eh_frame      0x000000000011c14c       0x20 binaries/rfsinit.o
                                         0x38 (size before relaxing)
 .eh_frame      0x000000000011c16c       0x20 binaries/rfsndmsg.o
                                         0x38 (size before relaxing)
 .eh_frame      0x000000000011c18c       0x20 binaries/rfsopen.o
                                         0x38 (size before relaxing)
 .eh_frame      0x000000000011c1ac       0xc0 binaries/arp.o
                                         0xd8 (size before relaxing)
 .eh_frame      0x000000000011c26c       0xa0 binaries/dhcp.o
                                         0xb8 (size before relaxing)
 .eh_frame      0x000000000011c30c       0x80 binaries/dns.o
                                         0x98 (size before relaxing)
 .eh_frame      0x000000000011c38c       0x20 binaries/dot2ip.o
                                         0x38 (size before relaxing)
 .eh_frame      0x000000000011c3ac       0x40 binaries/hexdump.o
                                         0x58 (size before relaxing)
 .eh_frame      0x000000000011c3ec      0x14c binaries/icmp.o
                                        0x164 (size before relaxing)
 .eh_frame      0x000000000011c538      0x11c binaries/ip.o
                                        0x134 (size before relaxing)
 .eh_frame      0x000000000011c654       0xa0 binaries/net.o
                                         0xb8 (size before relaxing)
 .eh_frame      0x000000000011c6f4       0x60 binaries/pdump.o
                                         0x78 (size before relaxing)
 .eh_frame      0x000000000011c754       0x60 binaries/tftp.o
                                         0x78 (size before relaxing)
 .eh_frame      0x000000000011c7b4      0x140 binaries/udp.o
                                        0x158 (size before relaxing)
 .eh_frame      0x000000000011c8f4       0x20 binaries/addargs.o
                                         0x38 (size before relaxing)
 .eh_frame      0x000000000011c914       0x20 binaries/lexan.o
                                         0x38 (size before relaxing)
 .eh_frame      0x000000000011c934       0x20 binaries/shell.o
                                         0x38 (size before relaxing)
 .eh_frame      0x000000000011c954       0x20 binaries/xsh_argecho.o
                                         0x38 (size before relaxing)
 .eh_frame      0x000000000011c974       0x40 binaries/xsh_arp.o
                                         0x58 (size before relaxing)
 .eh_frame      0x000000000011c9b4       0x20 binaries/xsh_cat.o
                                         0x38 (size before relaxing)
 .eh_frame      0x000000000011c9d4       0x20 binaries/xsh_clear.o
                                         0x38 (size before relaxing)
 .eh_frame      0x000000000011c9f4       0x20 binaries/xsh_date.o
                                         0x38 (size before relaxing)
 .eh_frame      0x000000000011ca14       0x20 binaries/xsh_devdump.o
                                         0x38 (size before relaxing)
 .eh_frame      0x000000000011ca34       0x20 binaries/xsh_echo.o
                                         0x38 (size before relaxing)
 .eh_frame      0x000000000011ca54       0x20 binaries/xsh_exit.o
                                         0x38 (size before relaxing)
 .eh_frame      0x000000000011ca74       0x20 binaries/xsh_help.o
                                         0x38 (size before relaxing)
 .eh_frame      0x000000000011ca94       0x20 binaries/xsh_kill.o
                                         0x38 (size before relaxing)
 .eh_frame      0x000000000011cab4       0x40 binaries/xsh_memdump.o
                                         0x58 (size before relaxing)
 .eh_frame      0x000000000011caf4       0x60 binaries/xsh_memstat.o
                                         0x78 (size before relaxing)
 .eh_frame      0x000000000011cb54       0x30 binaries/xsh_netinfo.o
                                         0x48 (size before relaxing)
 .eh_frame      0x000000000011cb84       0x24 binaries/xsh_ping.o
                                         0x3c (size before relaxing)
 .eh_frame      0x000000000011cba8       0x30 binaries/xsh_ps.o
                                         0x48 (size before relaxing)
 .eh_frame      0x000000000011cbd8       0x20 binaries/xsh_sleep.o
                                         0x38 (size before relaxing)
 .eh_frame      0x000000000011cbf8       0x20 binaries/xsh_udpdump.o
                                         0x38 (size before relaxing)
 .eh_frame      0x000000000011cc18       0x30 binaries/xsh_udpecho.o
                                         0x48 (size before relaxing)
 .eh_frame      0x000000000011cc48       0x24 binaries/xsh_udpserver.o
                                         0x3c (size before relaxing)
 .eh_frame      0x000000000011cc6c       0x20 binaries/xsh_uptime.o
                                         0x38 (size before relaxing)

.iplt           0x000000000011cc90        0x0
 .iplt          0x000000000011cc90        0x0 binaries/start.o

.rel.dyn        0x000000000011cc8c        0x0
 .rel.got       0x000000000011cc8c        0x0 binaries/start.o
 .rel.iplt      0x000000000011cc8c        0x0 binaries/start.o
 .rel.text      0x000000000011cc8c        0x0 binaries/start.o

.data           0x000000000011cca0     0x1360
                0x000000000011cca0                data = ABSOLUTE (.)
 *(.data .data.*)
 .data          0x000000000011cca0      0x460 binaries/start.o
                0x000000000011cca0                gdt
                0x000000000011cce0                gdtr
                0x000000000011cce6                idt
                0x000000000011d0e6                idtr
                0x000000000011d0ec                cpudelay
                0x000000000011d0f0                _bootdev
                0x000000000011d0f4                _cyloffset
 .data          0x000000000011d100       0x88 binaries/ascdate.o
                0x000000000011d100                Date
 .data          0x000000000011d188        0x0 binaries/bufinit.o
 .data          0x000000000011d188        0x0 binaries/chprio.o
 .data          0x000000000011d188        0x4 binaries/clkhandler.o
 .data          0x000000000011d18c        0x0 binaries/clkinit.o
 .data          0x000000000011d18c        0x0 binaries/close.o
 *fill*         0x000000000011d18c       0x14 
 .data          0x000000000011d1a0      0x5a0 binaries/conf.o
                0x000000000011d1a0                devtab
 .data          0x000000000011d740        0x0 binaries/control.o
 .data          0x000000000011d740        0x4 binaries/create.o
 *fill*         0x000000000011d744       0x1c 
 .data          0x000000000011d760       0x40 binaries/evec.o
                0x000000000011d760                inames
 .data          0x000000000011d7a0        0x0 binaries/exit.o
 .data          0x000000000011d7a0        0x0 binaries/freebuf.o
 .data          0x000000000011d7a0        0x0 binaries/freemem.o
 .data          0x000000000011d7a0        0x0 binaries/getbuf.o
 .data          0x000000000011d7a0        0x0 binaries/getc.o
 .data          0x000000000011d7a0        0x0 binaries/getdev.o
 .data          0x000000000011d7a0        0x0 binaries/getitem.o
 .data          0x000000000011d7a0        0x0 binaries/getmem.o
 .data          0x000000000011d7a0        0x0 binaries/getpid.o
 .data          0x000000000011d7a0        0x0 binaries/getprio.o
 .data          0x000000000011d7a0        0x0 binaries/getstk.o
 .data          0x000000000011d7a0        0x0 binaries/getticks.o
 .data          0x000000000011d7a0        0x0 binaries/gettime.o
 .data          0x000000000011d7a0        0x0 binaries/getutime.o
 .data          0x000000000011d7a0       0x40 binaries/i386.o
                0x000000000011d7a0                gdt_copy
 .data          0x000000000011d7e0        0x0 binaries/init.o
 .data          0x000000000011d7e0        0x0 binaries/initialize.o
 .data          0x000000000011d7e0        0x0 binaries/insert.o
 .data          0x000000000011d7e0        0x0 binaries/insertd.o
 .data          0x000000000011d7e0        0x0 binaries/ioerr.o
 .data          0x000000000011d7e0        0x0 binaries/ionull.o
 .data          0x000000000011d7e0        0x0 binaries/kill.o
 .data          0x000000000011d7e0        0x0 binaries/kprintf.o
 .data          0x000000000011d7e0        0x0 binaries/main.o
 .data          0x000000000011d7e0        0x0 binaries/mark.o
 .data          0x000000000011d7e0        0x0 binaries/meminit.o
 .data          0x000000000011d7e0        0x0 binaries/mkbufpool.o
 .data          0x000000000011d7e0        0x2 binaries/newqueue.o
 .data          0x000000000011d7e2        0x0 binaries/open.o
 .data          0x000000000011d7e2        0x0 binaries/panic.o
 *fill*         0x000000000011d7e2        0x2 
 .data          0x000000000011d7e4       0x10 binaries/pci.o
 .data          0x000000000011d7f4        0x0 binaries/ptclear.o
 .data          0x000000000011d7f4        0x0 binaries/ptcount.o
 .data          0x000000000011d7f4        0x0 binaries/ptcreate.o
 .data          0x000000000011d7f4        0x0 binaries/ptdelete.o
 .data          0x000000000011d7f4        0x0 binaries/ptinit.o
 .data          0x000000000011d7f4        0x0 binaries/ptrecv.o
 .data          0x000000000011d7f4        0x0 binaries/ptreset.o
 .data          0x000000000011d7f4        0x0 binaries/ptsend.o
 .data          0x000000000011d7f4        0x0 binaries/putc.o
 .data          0x000000000011d7f4        0x0 binaries/queue.o
 .data          0x000000000011d7f4        0x0 binaries/read.o
 .data          0x000000000011d7f4        0x0 binaries/ready.o
 .data          0x000000000011d7f4        0x0 binaries/receive.o
 .data          0x000000000011d7f4        0x0 binaries/recvclr.o
 .data          0x000000000011d7f4        0x0 binaries/recvtime.o
 .data          0x000000000011d7f4        0x0 binaries/resched.o
 .data          0x000000000011d7f4        0x0 binaries/resume.o
 .data          0x000000000011d7f4        0x0 binaries/seek.o
 .data          0x000000000011d7f4        0x0 binaries/semcount.o
 .data          0x000000000011d7f4        0x0 binaries/semcreate.o
 .data          0x000000000011d7f4        0x0 binaries/semdelete.o
 .data          0x000000000011d7f4        0x0 binaries/semreset.o
 .data          0x000000000011d7f4        0x0 binaries/send.o
 .data          0x000000000011d7f4        0x0 binaries/signal.o
[...]
 .comment       0x000000000000001d       0x1e binaries/arp.o
 .comment       0x000000000000001d       0x1e binaries/dhcp.o
 .comment       0x000000000000001d       0x1e binaries/dns.o
 .comment       0x000000000000001d       0x1e binaries/dot2ip.o
 .comment       0x000000000000001d       0x1e binaries/hexdump.o
 .comment       0x000000000000001d       0x1e binaries/icmp.o
 .comment       0x000000000000001d       0x1e binaries/ip.o
 .comment       0x000000000000001d       0x1e binaries/net.o
 .comment       0x000000000000001d       0x1e binaries/pdump.o
 .comment       0x000000000000001d       0x1e binaries/tftp.o
 .comment       0x000000000000001d       0x1e binaries/udp.o
 .comment       0x000000000000001d       0x1e binaries/addargs.o
 .comment       0x000000000000001d       0x1e binaries/lexan.o
 .comment       0x000000000000001d       0x1e binaries/shell.o
 .comment       0x000000000000001d       0x1e binaries/xsh_argecho.o
 .comment       0x000000000000001d       0x1e binaries/xsh_arp.o
 .comment       0x000000000000001d       0x1e binaries/xsh_cat.o
 .comment       0x000000000000001d       0x1e binaries/xsh_clear.o
 .comment       0x000000000000001d       0x1e binaries/xsh_date.o
 .comment       0x000000000000001d       0x1e binaries/xsh_devdump.o
 .comment       0x000000000000001d       0x1e binaries/xsh_echo.o
 .comment       0x000000000000001d       0x1e binaries/xsh_exit.o
 .comment       0x000000000000001d       0x1e binaries/xsh_help.o
 .comment       0x000000000000001d       0x1e binaries/xsh_kill.o
 .comment       0x000000000000001d       0x1e binaries/xsh_memdump.o
 .comment       0x000000000000001d       0x1e binaries/xsh_memstat.o
 .comment       0x000000000000001d       0x1e binaries/xsh_netinfo.o
 .comment       0x000000000000001d       0x1e binaries/xsh_ping.o
 .comment       0x000000000000001d       0x1e binaries/xsh_ps.o
 .comment       0x000000000000001d       0x1e binaries/xsh_sleep.o
 .comment       0x000000000000001d       0x1e binaries/xsh_udpdump.o
 .comment       0x000000000000001d       0x1e binaries/xsh_udpecho.o
 .comment       0x000000000000001d       0x1e binaries/xsh_udpserver.o
 .comment       0x000000000000001d       0x1e binaries/xsh_uptime.o

.note.GNU-stack
                0x0000000000000000        0x0
 .note.GNU-stack
                0x0000000000000000        0x0 binaries/ascdate.o
 .note.GNU-stack
                0x0000000000000000        0x0 binaries/bufinit.o
 .note.GNU-stack
                0x0000000000000000        0x0 binaries/chprio.o
 .note.GNU-stack
                0x0000000000000000        0x0 binaries/clkhandler.o
 .note.GNU-stack
                0x0000000000000000        0x0 binaries/clkinit.o
 .note.GNU-stack
                0x0000000000000000        0x0 binaries/close.o
 .note.GNU-stack
                0x0000000000000000        0x0 binaries/conf.o
 .note.GNU-stack
                0x0000000000000000        0x0 binaries/control.o
 .note.GNU-stack
                0x0000000000000000        0x0 binaries/create.o
 .note.GNU-stack
                0x0000000000000000        0x0 binaries/evec.o
 .note.GNU-stack
                0x0000000000000000        0x0 binaries/exit.o
 .note.GNU-stack
                0x0000000000000000        0x0 binaries/freebuf.o
 .note.GNU-stack
                0x0000000000000000        0x0 binaries/freemem.o
 .note.GNU-stack
                0x0000000000000000        0x0 binaries/getbuf.o
 .note.GNU-stack
                0x0000000000000000        0x0 binaries/getc.o
 .note.GNU-stack
                0x0000000000000000        0x0 binaries/getdev.o
 .note.GNU-stack
                0x0000000000000000        0x0 binaries/getitem.o
 .note.GNU-stack
                0x0000000000000000        0x0 binaries/getmem.o
 .note.GNU-stack
                0x0000000000000000        0x0 binaries/getpid.o
 .note.GNU-stack
                0x0000000000000000        0x0 binaries/getprio.o
 .note.GNU-stack
                0x0000000000000000        0x0 binaries/getstk.o
 .note.GNU-stack
                0x0000000000000000        0x0 binaries/getticks.o
 .note.GNU-stack
                0x0000000000000000        0x0 binaries/gettime.o
 .note.GNU-stack
                0x0000000000000000        0x0 binaries/getutime.o
 .note.GNU-stack
                0x0000000000000000        0x0 binaries/i386.o
 .note.GNU-stack
                0x0000000000000000        0x0 binaries/init.o
 .note.GNU-stack
                0x0000000000000000        0x0 binaries/initialize.o
 .note.GNU-stack
                0x0000000000000000        0x0 binaries/insert.o
 .note.GNU-stack
                0x0000000000000000        0x0 binaries/insertd.o
 .note.GNU-stack
                0x0000000000000000        0x0 binaries/ioerr.o
 .note.GNU-stack
                0x0000000000000000        0x0 binaries/ionull.o
 .note.GNU-stack
                0x0000000000000000        0x0 binaries/kill.o
 .note.GNU-stack
                0x0000000000000000        0x0 binaries/kprintf.o
 .note.GNU-stack
                0x0000000000000000        0x0 binaries/main.o
 .note.GNU-stack
                0x0000000000000000        0x0 binaries/mark.o
 .note.GNU-stack
                0x0000000000000000        0x0 binaries/meminit.o
 .note.GNU-stack
                0x0000000000000000        0x0 binaries/mkbufpool.o
 .note.GNU-stack
                0x0000000000000000        0x0 binaries/newqueue.o
 .note.GNU-stack
                0x0000000000000000        0x0 binaries/open.o
 .note.GNU-stack
                0x0000000000000000        0x0 binaries/panic.o
 .note.GNU-stack
                0x0000000000000000        0x0 binaries/pci.o
 .note.GNU-stack
                0x0000000000000000        0x0 binaries/ptclear.o
 .note.GNU-stack
                0x0000000000000000        0x0 binaries/ptcount.o
 .note.GNU-stack
                0x0000000000000000        0x0 binaries/ptcreate.o
 .note.GNU-stack
                0x0000000000000000        0x0 binaries/ptdelete.o
 .note.GNU-stack
                0x0000000000000000        0x0 binaries/ptinit.o
 .note.GNU-stack
                0x0000000000000000        0x0 binaries/ptrecv.o
 .note.GNU-stack
                0x0000000000000000        0x0 binaries/ptreset.o
 .note.GNU-stack
                0x0000000000000000        0x0 binaries/ptsend.o
 .note.GNU-stack
                0x0000000000000000        0x0 binaries/putc.o
 .note.GNU-stack
                0x0000000000000000        0x0 binaries/queue.o
 .note.GNU-stack
                0x0000000000000000        0x0 binaries/read.o
 .note.GNU-stack
                0x0000000000000000        0x0 binaries/ready.o
 .note.GNU-stack
                0x0000000000000000        0x0 binaries/receive.o
 .note.GNU-stack
                0x0000000000000000        0x0 binaries/recvclr.o
 .note.GNU-stack
                0x0000000000000000        0x0 binaries/recvtime.o
 .note.GNU-stack
                0x0000000000000000        0x0 binaries/resched.o
 .note.GNU-stack
                0x0000000000000000        0x0 binaries/resume.o
 .note.GNU-stack
                0x0000000000000000        0x0 binaries/seek.o
 .note.GNU-stack
                0x0000000000000000        0x0 binaries/semcount.o
 .note.GNU-stack
                0x0000000000000000        0x0 binaries/semcreate.o
 .note.GNU-stack
                0x0000000000000000        0x0 binaries/semdelete.o
 .note.GNU-stack
                0x0000000000000000        0x0 binaries/semreset.o
 .note.GNU-stack
                0x0000000000000000        0x0 binaries/send.o
 .note.GNU-stack
                0x0000000000000000        0x0 binaries/signal.o
 .note.GNU-stack
                0x0000000000000000        0x0 binaries/signaln.o
 .note.GNU-stack
                0x0000000000000000        0x0 binaries/sleep.o
 .note.GNU-stack
                0x0000000000000000        0x0 binaries/stacktrace.o
 .note.GNU-stack
                0x0000000000000000        0x0 binaries/suspend.o
 .note.GNU-stack
                0x0000000000000000        0x0 binaries/unsleep.o
 .note.GNU-stack
                0x0000000000000000        0x0 binaries/userret.o
 .note.GNU-stack
                0x0000000000000000        0x0 binaries/wait.o
 .note.GNU-stack
                0x0000000000000000        0x0 binaries/wakeup.o
 .note.GNU-stack
                0x0000000000000000        0x0 binaries/write.o
 .note.GNU-stack
                0x0000000000000000        0x0 binaries/xdone.o
 .note.GNU-stack
                0x0000000000000000        0x0 binaries/yield.o
 .note.GNU-stack
                0x0000000000000000        0x0 binaries/abs.o
 .note.GNU-stack
                0x0000000000000000        0x0 binaries/atoi.o
 .note.GNU-stack
                0x0000000000000000        0x0 binaries/atol.o
 .note.GNU-stack
                0x0000000000000000        0x0 binaries/bzero.o
 .note.GNU-stack
                0x0000000000000000        0x0 binaries/ctype_.o
 .note.GNU-stack
                0x0000000000000000        0x0 binaries/doprnt.o
 .note.GNU-stack
                0x0000000000000000        0x0 binaries/doscan.o
 .note.GNU-stack
                0x0000000000000000        0x0 binaries/fdoprnt.o
 .note.GNU-stack
                0x0000000000000000        0x0 binaries/fgetc.o
 .note.GNU-stack
                0x0000000000000000        0x0 binaries/fgets.o
 .note.GNU-stack
                0x0000000000000000        0x0 binaries/fprintf.o
 .note.GNU-stack
                0x0000000000000000        0x0 binaries/fputc.o
 .note.GNU-stack
                0x0000000000000000        0x0 binaries/fputs.o
 .note.GNU-stack
                0x0000000000000000        0x0 binaries/fscanf.o
 .note.GNU-stack
                0x0000000000000000        0x0 binaries/getchar.o
 .note.GNU-stack
                0x0000000000000000        0x0 binaries/labs.o
 .note.GNU-stack
                0x0000000000000000        0x0 binaries/memchr.o
 .note.GNU-stack
                0x0000000000000000        0x0 binaries/memcmp.o
 .note.GNU-stack
                0x0000000000000000        0x0 binaries/memcpy.o
 .note.GNU-stack
                0x0000000000000000        0x0 binaries/memset.o
 .note.GNU-stack
                0x0000000000000000        0x0 binaries/printf.o
 .note.GNU-stack
                0x0000000000000000        0x0 binaries/putchar.o
 .note.GNU-stack
                0x0000000000000000        0x0 binaries/qsort.o
 .note.GNU-stack
                0x0000000000000000        0x0 binaries/rand.o
 .note.GNU-stack
                0x0000000000000000        0x0 binaries/sprintf.o
 .note.GNU-stack
                0x0000000000000000        0x0 binaries/sscanf.o
 .note.GNU-stack
                0x0000000000000000        0x0 binaries/strchr.o
 .note.GNU-stack
                0x0000000000000000        0x0 binaries/strcmp.o
 .note.GNU-stack
                0x0000000000000000        0x0 binaries/strcpy.o
 .note.GNU-stack
                0x0000000000000000        0x0 binaries/strlen.o
 .note.GNU-stack
                0x0000000000000000        0x0 binaries/strncat.o
 .note.GNU-stack
                0x0000000000000000        0x0 binaries/strncmp.o
 .note.GNU-stack
                0x0000000000000000        0x0 binaries/strncpy.o
 .note.GNU-stack
                0x0000000000000000        0x0 binaries/strnlen.o
 .note.GNU-stack
                0x0000000000000000        0x0 binaries/strrchr.o
 .note.GNU-stack
                0x0000000000000000        0x0 binaries/strstr.o
 .note.GNU-stack
                0x0000000000000000        0x0 binaries/ttycontrol.o
 .note.GNU-stack
                0x0000000000000000        0x0 binaries/ttygetc.o
 .note.GNU-stack
                0x0000000000000000        0x0 binaries/ttyhandle_in.o
 .note.GNU-stack
                0x0000000000000000        0x0 binaries/ttyhandle_out.o
 .note.GNU-stack
                0x0000000000000000        0x0 binaries/ttyhandler.o
 .note.GNU-stack
                0x0000000000000000        0x0 binaries/ttyinit.o
 .note.GNU-stack
                0x0000000000000000        0x0 binaries/ttykickout.o
 .note.GNU-stack
                0x0000000000000000        0x0 binaries/ttyputc.o
 .note.GNU-stack
                0x0000000000000000        0x0 binaries/ttyread.o
 .note.GNU-stack
                0x0000000000000000        0x0 binaries/ttywrite.o
 .note.GNU-stack
                0x0000000000000000        0x0 binaries/mount.o
 .note.GNU-stack
                0x0000000000000000        0x0 binaries/naminit.o
 .note.GNU-stack
                0x0000000000000000        0x0 binaries/nammap.o
 .note.GNU-stack
                0x0000000000000000        0x0 binaries/namopen.o
 .note.GNU-stack
                0x0000000000000000        0x0 binaries/82545EMInit.o
 .note.GNU-stack
                0x0000000000000000        0x0 binaries/ethcontrol.o
 .note.GNU-stack
                0x0000000000000000        0x0 binaries/ethhandler.o
 .note.GNU-stack
                0x0000000000000000        0x0 binaries/ethinit.o
 .note.GNU-stack
                0x0000000000000000        0x0 binaries/ethread.o
 .note.GNU-stack
                0x0000000000000000        0x0 binaries/ethwrite.o
 .note.GNU-stack
                0x0000000000000000        0x0 binaries/rdsbufalloc.o
 .note.GNU-stack
                0x0000000000000000        0x0 binaries/rdsclose.o
 .note.GNU-stack
                0x0000000000000000        0x0 binaries/rdscomm.o
 .note.GNU-stack
                0x0000000000000000        0x0 binaries/rdscontrol.o
 .note.GNU-stack
                0x0000000000000000        0x0 binaries/rdsinit.o
 .note.GNU-stack
                0x0000000000000000        0x0 binaries/rdsopen.o
 .note.GNU-stack
                0x0000000000000000        0x0 binaries/rdsprocess.o
 .note.GNU-stack
                0x0000000000000000        0x0 binaries/rdsread.o
 .note.GNU-stack
                0x0000000000000000        0x0 binaries/rdswrite.o
 .note.GNU-stack
                0x0000000000000000        0x0 binaries/ramclose.o
 .note.GNU-stack
                0x0000000000000000        0x0 binaries/raminit.o
 .note.GNU-stack
                0x0000000000000000        0x0 binaries/ramopen.o
 .note.GNU-stack
                0x0000000000000000        0x0 binaries/ramread.o
 .note.GNU-stack
                0x0000000000000000        0x0 binaries/ramwrite.o
 .note.GNU-stack
                0x0000000000000000        0x0 binaries/lfdballoc.o
 .note.GNU-stack
                0x0000000000000000        0x0 binaries/lfdbfree.o
 .note.GNU-stack
                0x0000000000000000        0x0 binaries/lfflush.o
 .note.GNU-stack
                0x0000000000000000        0x0 binaries/lfgetmode.o
 .note.GNU-stack
                0x0000000000000000        0x0 binaries/lfiballoc.o
 .note.GNU-stack
                0x0000000000000000        0x0 binaries/lfibclear.o
 .note.GNU-stack
                0x0000000000000000        0x0 binaries/lfibget.o
 .note.GNU-stack
                0x0000000000000000        0x0 binaries/lfibput.o
 .note.GNU-stack
                0x0000000000000000        0x0 binaries/lflclose.o
 .note.GNU-stack
                0x0000000000000000        0x0 binaries/lflcontrol.o
 .note.GNU-stack
                0x0000000000000000        0x0 binaries/lflgetc.o
 .note.GNU-stack
                0x0000000000000000        0x0 binaries/lflinit.o
 .note.GNU-stack
                0x0000000000000000        0x0 binaries/lflputc.o
 .note.GNU-stack
                0x0000000000000000        0x0 binaries/lflread.o
 .note.GNU-stack
                0x0000000000000000        0x0 binaries/lflseek.o
 .note.GNU-stack
                0x0000000000000000        0x0 binaries/lflwrite.o
 .note.GNU-stack
                0x0000000000000000        0x0 binaries/lfscheck.o
 .note.GNU-stack
                0x0000000000000000        0x0 binaries/lfsckfmt.o
 .note.GNU-stack
                0x0000000000000000        0x0 binaries/lfscreate.o
 .note.GNU-stack
                0x0000000000000000        0x0 binaries/lfsetup.o
 .note.GNU-stack
                0x0000000000000000        0x0 binaries/lfsinit.o
 .note.GNU-stack
                0x0000000000000000        0x0 binaries/lfsopen.o
 .note.GNU-stack
                0x0000000000000000        0x0 binaries/lftruncate.o
 .note.GNU-stack
                0x0000000000000000        0x0 binaries/rflclose.o
 .note.GNU-stack
                0x0000000000000000        0x0 binaries/rflgetc.o
 .note.GNU-stack
                0x0000000000000000        0x0 binaries/rflinit.o
 .note.GNU-stack
                0x0000000000000000        0x0 binaries/rflputc.o
 .note.GNU-stack
                0x0000000000000000        0x0 binaries/rflread.o
 .note.GNU-stack
                0x0000000000000000        0x0 binaries/rflseek.o
 .note.GNU-stack
                0x0000000000000000        0x0 binaries/rflwrite.o
 .note.GNU-stack
                0x0000000000000000        0x0 binaries/rfscomm.o
 .note.GNU-stack
                0x0000000000000000        0x0 binaries/rfscontrol.o
 .note.GNU-stack
                0x0000000000000000        0x0 binaries/rfsgetmode.o
 .note.GNU-stack
                0x0000000000000000        0x0 binaries/rfsinit.o
 .note.GNU-stack
                0x0000000000000000        0x0 binaries/rfsndmsg.o
 .note.GNU-stack
                0x0000000000000000        0x0 binaries/rfsopen.o
 .note.GNU-stack
                0x0000000000000000        0x0 binaries/arp.o
 .note.GNU-stack
                0x0000000000000000        0x0 binaries/dhcp.o
 .note.GNU-stack
                0x0000000000000000        0x0 binaries/dns.o
 .note.GNU-stack
                0x0000000000000000        0x0 binaries/dot2ip.o
 .note.GNU-stack
                0x0000000000000000        0x0 binaries/hexdump.o
 .note.GNU-stack
                0x0000000000000000        0x0 binaries/icmp.o
 .note.GNU-stack
                0x0000000000000000        0x0 binaries/ip.o
 .note.GNU-stack
                0x0000000000000000        0x0 binaries/net.o
 .note.GNU-stack
                0x0000000000000000        0x0 binaries/pdump.o
 .note.GNU-stack
                0x0000000000000000        0x0 binaries/tftp.o
 .note.GNU-stack
                0x0000000000000000        0x0 binaries/udp.o
 .note.GNU-stack
                0x0000000000000000        0x0 binaries/addargs.o
 .note.GNU-stack
                0x0000000000000000        0x0 binaries/lexan.o
 .note.GNU-stack
                0x0000000000000000        0x0 binaries/shell.o
 .note.GNU-stack
                0x0000000000000000        0x0 binaries/xsh_argecho.o
 .note.GNU-stack
                0x0000000000000000        0x0 binaries/xsh_arp.o
 .note.GNU-stack
                0x0000000000000000        0x0 binaries/xsh_cat.o
 .note.GNU-stack
                0x0000000000000000        0x0 binaries/xsh_clear.o
 .note.GNU-stack
                0x0000000000000000        0x0 binaries/xsh_date.o
 .note.GNU-stack
                0x0000000000000000        0x0 binaries/xsh_devdump.o
 .note.GNU-stack
                0x0000000000000000        0x0 binaries/xsh_echo.o
 .note.GNU-stack
                0x0000000000000000        0x0 binaries/xsh_exit.o
 .note.GNU-stack
                0x0000000000000000        0x0 binaries/xsh_help.o
 .note.GNU-stack
                0x0000000000000000        0x0 binaries/xsh_kill.o
 .note.GNU-stack
                0x0000000000000000        0x0 binaries/xsh_memdump.o
 .note.GNU-stack
                0x0000000000000000        0x0 binaries/xsh_memstat.o
 .note.GNU-stack
                0x0000000000000000        0x0 binaries/xsh_netinfo.o
 .note.GNU-stack
                0x0000000000000000        0x0 binaries/xsh_ping.o
 .note.GNU-stack
                0x0000000000000000        0x0 binaries/xsh_ps.o
 .note.GNU-stack
                0x0000000000000000        0x0 binaries/xsh_sleep.o
 .note.GNU-stack
                0x0000000000000000        0x0 binaries/xsh_udpdump.o
 .note.GNU-stack
                0x0000000000000000        0x0 binaries/xsh_udpecho.o
 .note.GNU-stack
                0x0000000000000000        0x0 binaries/xsh_udpserver.o
 .note.GNU-stack
                0x0000000000000000        0x0 binaries/xsh_uptime.o
